<html>
<body>
<pre>
<h1>µVision Build Log</h1>
<h2>Tool Versions:</h2>
IDE-Version: µVision V5.20.0.0
Copyright (C) 2016 ARM Ltd and ARM Germany GmbH. All rights reserved.
License Information: agustin DA, UTN, LIC=----
 
Tool Versions:
Toolchain:       MDK-Lite  Version: 5.20
Toolchain Path:  C:\Keil_v5\ARM\ARMCC\Bin
C Compiler:      Armcc.exe V5.06 update 2 (build 183)
Assembler:       Armasm.exe V5.06 update 2 (build 183)
Linker/Locator:  ArmLink.exe V5.06 update 2 (build 183)
Library Manager: ArmAr.exe V5.06 update 2 (build 183)
Hex Converter:   FromElf.exe V5.06 update 2 (build 183)
CPU DLL:         SARMCM3.DLL V5.20
Dialog DLL:      DCM.DLL V1.13.7.0
Target DLL:      STLink\ST-LINKIII-KEIL_SWO.dll V2.0.18.0
Dialog DLL:      TCM.DLL V1.14.9.0
 
<h2>Project:</h2>
C:\Users\Agustin\Documents\Workspace_STM\FM_transmitter\MDK-ARM\FM_transmitter.uvprojx
Project File Date:  10/13/2016

<h2>Output:</h2>
*** Using Compiler 'V5.06 update 2 (build 183)', folder: 'C:\Keil_v5\ARM\ARMCC\Bin'
Build target 'FM_transmitter'
assembling startup_stm32f407xx.s...
compiling main.c...
compiling stm32f4xx_it.c...
compiling stm32f4xx_hal_msp.c...
compiling system_stm32f4xx.c...
compiling stm32f4xx_hal_gpio.c...
compiling stm32f4xx_hal_rcc_ex.c...
compiling stm32f4xx_hal_tim.c...
compiling stm32f4xx_hal_rcc.c...
compiling stm32f4xx_hal.c...
compiling stm32f4xx_hal_dma_ex.c...
compiling stm32f4xx_hal_flash_ex.c...
compiling stm32f4xx_hal_flash.c...
compiling stm32f4xx_hal_pwr_ex.c...
compiling stm32f4xx_hal_flash_ramfunc.c...
compiling stm32f4xx_hal_pwr.c...
compiling stm32f4xx_hal_tim_ex.c...
compiling stm32f4xx_hal_dma.c...
compiling stm32f4xx_hal_cortex.c...
compiling stm32f4xx_hal_i2s_ex.c...
compiling stm32f4xx_hal_i2s.c...
linking...
Program Size: Code=5692 RO-data=444 RW-data=8 ZI-data=1096  
"FM_transmitter\FM_transmitter.axf" - 0 Error(s), 0 Warning(s).

<h2>Software Packages used:</h2>

Package Vendor: ARM
                http://www.keil.com/pack/ARM.CMSIS.5.0.0-Beta4.pack
                ARM::CMSIS:CORE:5.0.0
                CMSIS (Cortex Microcontroller Software Interface Standard)
   * Component: CORE Version: 5.0.0
   * Component: DSP Version: 1.4.6

<h2>Collection of Component include folders:</h2>
  C:\Users\Agustin\Documents\Workspace_STM\FM_transmitter\MDK-ARM\RTE
  C:\Keil_v5\ARM\PACK\ARM\CMSIS\5.0.0-Beta4\CMSIS\Include
  C:\Keil_v5\ARM\PACK\Keil\STM32F4xx_DFP\2.9.0\Drivers\CMSIS\Device\ST\STM32F4xx\Include

<h2>Collection of Component Files used:</h2>

   * Component: ARM::CMSIS:CORE:5.0.0

   * Component: ARM::CMSIS:DSP:1.4.6
      Include file:  CMSIS\Include\arm_math.h
      Library file:  CMSIS\Lib\ARM\arm_cortexM4lf_math.lib
Build Time Elapsed:  00:01:26
</pre>
</body>
</html>
