<html>
<body>
<pre>
<h1>µVision Build Log</h1>
<h2>Tool Versions:</h2>
IDE-Version: µVision V5.20.0.0
Copyright (C) 2016 ARM Ltd and ARM Germany GmbH. All rights reserved.
License Information: agustin DA, UTN, LIC=----
 
Tool Versions:
Toolchain:       MDK-Lite  Version: 5.20
Toolchain Path:  C:\Keil_v5\ARM\ARMCC\Bin
C Compiler:      Armcc.exe V5.06 update 2 (build 183)
Assembler:       Armasm.exe V5.06 update 2 (build 183)
Linker/Locator:  ArmLink.exe V5.06 update 2 (build 183)
Library Manager: ArmAr.exe V5.06 update 2 (build 183)
Hex Converter:   FromElf.exe V5.06 update 2 (build 183)
CPU DLL:         SARMCM3.DLL V5.20
Dialog DLL:      DCM.DLL V1.13.7.0
Target DLL:      STLink\ST-LINKIII-KEIL_SWO.dll V2.0.18.0
Dialog DLL:      TCM.DLL V1.14.9.0
 
<h2>Project:</h2>
C:\Users\Agustin\Documents\Workspace_STM\FM_transmitter\MDK-ARM\FM_transmitter.uvprojx
Project File Date:  09/15/2016

<h2>Output:</h2>
*** Using Compiler 'V5.06 update 2 (build 183)', folder: 'C:\Keil_v5\ARM\ARMCC\Bin'
Build target 'FM_transmitter'
compiling main.c...
../Src/main.c(92): warning:  #177-D: variable "blockSize" was declared but never referenced
        uint32_t blockSize=BUFFER_LENGTH;
../Src/main.c(93): warning:  #177-D: variable "pSrcA" was declared but never referenced
        float32_t pSrcA[BUFFER_LENGTH]={1};
../Src/main.c(94): warning:  #177-D: variable "pSrcB" was declared but never referenced
        float32_t pSrcB[BUFFER_LENGTH]={2};
../Src/main.c(95): warning:  #177-D: variable "pDst" was declared but never referenced
        float32_t pDst[BUFFER_LENGTH];
../Src/main.c: 4 warnings, 0 errors
linking...
Program Size: Code=4604 RO-data=452 RW-data=8 ZI-data=1096  
"FM_transmitter\FM_transmitter.axf" - 0 Error(s), 4 Warning(s).

<h2>Software Packages used:</h2>

Package Vendor: ARM
                http://www.keil.com/pack/ARM.CMSIS.5.0.0-Beta4.pack
                ARM::CMSIS:CORE:5.0.0
                CMSIS (Cortex Microcontroller Software Interface Standard)
   * Component: CORE Version: 5.0.0
   * Component: DSP Version: 1.4.6

<h2>Collection of Component include folders:</h2>
  C:\Users\Agustin\Documents\Workspace_STM\FM_transmitter\MDK-ARM\RTE
  C:\Keil_v5\ARM\PACK\ARM\CMSIS\5.0.0-Beta4\CMSIS\Include
  C:\Keil_v5\ARM\PACK\Keil\STM32F4xx_DFP\2.9.0\Drivers\CMSIS\Device\ST\STM32F4xx\Include

<h2>Collection of Component Files used:</h2>

   * Component: ARM::CMSIS:CORE:5.0.0

   * Component: ARM::CMSIS:DSP:1.4.6
      Include file:  CMSIS\Include\arm_math.h
      Library file:  CMSIS\Lib\ARM\arm_cortexM4lf_math.lib
Build Time Elapsed:  00:00:23
</pre>
</body>
</html>
