Component: ARM Compiler 5.06 update 2 (build 183) Tool: armlink [4d35b7]

==============================================================================

Section Cross References

    startup_stm32f407xx.o(RESET) refers to startup_stm32f407xx.o(STACK) for __initial_sp
    startup_stm32f407xx.o(RESET) refers to startup_stm32f407xx.o(.text) for Reset_Handler
    startup_stm32f407xx.o(RESET) refers to stm32f4xx_it.o(i.NMI_Handler) for NMI_Handler
    startup_stm32f407xx.o(RESET) refers to stm32f4xx_it.o(i.HardFault_Handler) for HardFault_Handler
    startup_stm32f407xx.o(RESET) refers to stm32f4xx_it.o(i.MemManage_Handler) for MemManage_Handler
    startup_stm32f407xx.o(RESET) refers to stm32f4xx_it.o(i.BusFault_Handler) for BusFault_Handler
    startup_stm32f407xx.o(RESET) refers to stm32f4xx_it.o(i.UsageFault_Handler) for UsageFault_Handler
    startup_stm32f407xx.o(RESET) refers to stm32f4xx_it.o(i.SVC_Handler) for SVC_Handler
    startup_stm32f407xx.o(RESET) refers to stm32f4xx_it.o(i.DebugMon_Handler) for DebugMon_Handler
    startup_stm32f407xx.o(RESET) refers to stm32f4xx_it.o(i.PendSV_Handler) for PendSV_Handler
    startup_stm32f407xx.o(RESET) refers to stm32f4xx_it.o(i.SysTick_Handler) for SysTick_Handler
    startup_stm32f407xx.o(RESET) refers to stm32f4xx_it.o(i.DMA1_Stream0_IRQHandler) for DMA1_Stream0_IRQHandler
    startup_stm32f407xx.o(RESET) refers to stm32f4xx_it.o(i.DMA1_Stream5_IRQHandler) for DMA1_Stream5_IRQHandler
    startup_stm32f407xx.o(RESET) refers to stm32f4xx_it.o(i.SPI3_IRQHandler) for SPI3_IRQHandler
    startup_stm32f407xx.o(RESET) refers to stm32f4xx_it.o(i.TIM6_DAC_IRQHandler) for TIM6_DAC_IRQHandler
    startup_stm32f407xx.o(.text) refers to system_stm32f4xx.o(i.SystemInit) for SystemInit
    startup_stm32f407xx.o(.text) refers to entry.o(.ARM.Collect$$$$00000000) for __main
    main.o(i.Error_Handler) refers to stm32f4xx_hal_gpio.o(i.HAL_GPIO_WritePin) for HAL_GPIO_WritePin
    main.o(i.MX_GPIO_Init) refers to stm32f4xx_hal_gpio.o(i.HAL_GPIO_WritePin) for HAL_GPIO_WritePin
    main.o(i.MX_GPIO_Init) refers to stm32f4xx_hal_gpio.o(i.HAL_GPIO_Init) for HAL_GPIO_Init
    main.o(i.MX_I2S3_Init) refers to stm32f4xx_hal_i2s_ex.o(i.HAL_I2S_Init) for HAL_I2S_Init
    main.o(i.MX_I2S3_Init) refers to main.o(i.Error_Handler) for Error_Handler
    main.o(i.MX_I2S3_Init) refers to main.o(.bss) for .bss
    main.o(i.MX_SPI1_Init) refers to stm32f4xx_hal_spi.o(i.HAL_SPI_Init) for HAL_SPI_Init
    main.o(i.MX_SPI1_Init) refers to main.o(i.Error_Handler) for Error_Handler
    main.o(i.MX_SPI1_Init) refers to main.o(.bss) for .bss
    main.o(i.SystemClock_Config) refers to stm32f4xx_hal_rcc.o(i.HAL_RCC_OscConfig) for HAL_RCC_OscConfig
    main.o(i.SystemClock_Config) refers to stm32f4xx_hal_rcc.o(i.HAL_RCC_ClockConfig) for HAL_RCC_ClockConfig
    main.o(i.SystemClock_Config) refers to stm32f4xx_hal_rcc_ex.o(i.HAL_RCCEx_PeriphCLKConfig) for HAL_RCCEx_PeriphCLKConfig
    main.o(i.SystemClock_Config) refers to main.o(i.Error_Handler) for Error_Handler
    main.o(i.SystemClock_Config) refers to stm32f4xx_hal_rcc.o(i.HAL_RCC_GetHCLKFreq) for HAL_RCC_GetHCLKFreq
    main.o(i.SystemClock_Config) refers to stm32f4xx_hal_cortex.o(i.HAL_SYSTICK_Config) for HAL_SYSTICK_Config
    main.o(i.SystemClock_Config) refers to stm32f4xx_hal_cortex.o(i.HAL_SYSTICK_CLKSourceConfig) for HAL_SYSTICK_CLKSourceConfig
    main.o(i.SystemClock_Config) refers to stm32f4xx_hal_cortex.o(i.HAL_NVIC_SetPriority) for HAL_NVIC_SetPriority
    main.o(i.main) refers to stm32f4xx_hal.o(i.HAL_Init) for HAL_Init
    main.o(i.main) refers to main.o(i.SystemClock_Config) for SystemClock_Config
    main.o(i.main) refers to main.o(i.MX_GPIO_Init) for MX_GPIO_Init
    main.o(i.main) refers to stm32f4xx_hal_cortex.o(i.HAL_NVIC_SetPriority) for HAL_NVIC_SetPriority
    main.o(i.main) refers to stm32f4xx_hal_cortex.o(i.HAL_NVIC_EnableIRQ) for HAL_NVIC_EnableIRQ
    main.o(i.main) refers to main.o(i.MX_I2S3_Init) for MX_I2S3_Init
    main.o(i.main) refers to stm32f4xx_hal_tim.o(i.HAL_TIM_Base_Init) for HAL_TIM_Base_Init
    main.o(i.main) refers to stm32f4xx_hal_tim_ex.o(i.HAL_TIMEx_MasterConfigSynchronization) for HAL_TIMEx_MasterConfigSynchronization
    main.o(i.main) refers to main.o(i.MX_SPI1_Init) for MX_SPI1_Init
    main.o(i.main) refers to stm32f4xx_hal_i2s_ex.o(i.HAL_I2SEx_TransmitReceive_DMA) for HAL_I2SEx_TransmitReceive_DMA
    main.o(i.main) refers to main.o(i.Error_Handler) for Error_Handler
    main.o(i.main) refers to codec.o(i.AK4621EF_init) for AK4621EF_init
    main.o(i.main) refers to stm32f4xx_hal_gpio.o(i.HAL_GPIO_WritePin) for HAL_GPIO_WritePin
    main.o(i.main) refers to arm_abs_f32.o(.text) for arm_abs_f32
    main.o(i.main) refers to arm_max_f32.o(.text) for arm_max_f32
    main.o(i.main) refers to arm_scale_f32.o(.text) for arm_scale_f32
    main.o(i.main) refers to codec.o(i.led_secuencia) for led_secuencia
    main.o(i.main) refers to codec.o(i.dma_tx_rx) for dma_tx_rx
[...]
    Removing stm32f4xx_hal_tim.o(i.HAL_TIM_Base_Start), (26 bytes).
    Removing stm32f4xx_hal_tim.o(i.HAL_TIM_Base_Start_DMA), (92 bytes).
    Removing stm32f4xx_hal_tim.o(i.HAL_TIM_Base_Start_IT), (24 bytes).
    Removing stm32f4xx_hal_tim.o(i.HAL_TIM_Base_Stop), (44 bytes).
    Removing stm32f4xx_hal_tim.o(i.HAL_TIM_Base_Stop_DMA), (48 bytes).
    Removing stm32f4xx_hal_tim.o(i.HAL_TIM_Base_Stop_IT), (42 bytes).
    Removing stm32f4xx_hal_tim.o(i.HAL_TIM_ConfigClockSource), (242 bytes).
    Removing stm32f4xx_hal_tim.o(i.HAL_TIM_ConfigOCrefClear), (174 bytes).
    Removing stm32f4xx_hal_tim.o(i.HAL_TIM_ConfigTI1Input), (16 bytes).
    Removing stm32f4xx_hal_tim.o(i.HAL_TIM_DMABurst_ReadStart), (260 bytes).
    Removing stm32f4xx_hal_tim.o(i.HAL_TIM_DMABurst_ReadStop), (96 bytes).
    Removing stm32f4xx_hal_tim.o(i.HAL_TIM_DMABurst_WriteStart), (260 bytes).
    Removing stm32f4xx_hal_tim.o(i.HAL_TIM_DMABurst_WriteStop), (96 bytes).
    Removing stm32f4xx_hal_tim.o(i.HAL_TIM_Encoder_DeInit), (56 bytes).
    Removing stm32f4xx_hal_tim.o(i.HAL_TIM_Encoder_GetState), (6 bytes).
    Removing stm32f4xx_hal_tim.o(i.HAL_TIM_Encoder_Init), (150 bytes).
    Removing stm32f4xx_hal_tim.o(i.HAL_TIM_Encoder_MspDeInit), (2 bytes).
    Removing stm32f4xx_hal_tim.o(i.HAL_TIM_Encoder_MspInit), (2 bytes).
    Removing stm32f4xx_hal_tim.o(i.HAL_TIM_Encoder_Start), (52 bytes).
    Removing stm32f4xx_hal_tim.o(i.HAL_TIM_Encoder_Start_DMA), (272 bytes).
    Removing stm32f4xx_hal_tim.o(i.HAL_TIM_Encoder_Start_IT), (92 bytes).
    Removing stm32f4xx_hal_tim.o(i.HAL_TIM_Encoder_Stop), (70 bytes).
    Removing stm32f4xx_hal_tim.o(i.HAL_TIM_Encoder_Stop_DMA), (116 bytes).
    Removing stm32f4xx_hal_tim.o(i.HAL_TIM_Encoder_Stop_IT), (116 bytes).
    Removing stm32f4xx_hal_tim.o(i.HAL_TIM_ErrorCallback), (2 bytes).
    Removing stm32f4xx_hal_tim.o(i.HAL_TIM_GenerateEvent), (38 bytes).
    Removing stm32f4xx_hal_tim.o(i.HAL_TIM_IC_ConfigChannel), (286 bytes).
    Removing stm32f4xx_hal_tim.o(i.HAL_TIM_IC_DeInit), (56 bytes).
    Removing stm32f4xx_hal_tim.o(i.HAL_TIM_IC_GetState), (6 bytes).
    Removing stm32f4xx_hal_tim.o(i.HAL_TIM_IC_Init), (54 bytes).
    Removing stm32f4xx_hal_tim.o(i.HAL_TIM_IC_MspDeInit), (2 bytes).
    Removing stm32f4xx_hal_tim.o(i.HAL_TIM_IC_MspInit), (2 bytes).
    Removing stm32f4xx_hal_tim.o(i.HAL_TIM_IC_Start), (26 bytes).
    Removing stm32f4xx_hal_tim.o(i.HAL_TIM_IC_Start_DMA), (200 bytes).
    Removing stm32f4xx_hal_tim.o(i.HAL_TIM_IC_Start_IT), (76 bytes).
    Removing stm32f4xx_hal_tim.o(i.HAL_TIM_IC_Stop), (44 bytes).
    Removing stm32f4xx_hal_tim.o(i.HAL_TIM_IC_Stop_DMA), (100 bytes).
    Removing stm32f4xx_hal_tim.o(i.HAL_TIM_IC_Stop_IT), (94 bytes).
    Removing stm32f4xx_hal_tim.o(i.HAL_TIM_OC_ConfigChannel), (86 bytes).
    Removing stm32f4xx_hal_tim.o(i.HAL_TIM_OC_DeInit), (56 bytes).
    Removing stm32f4xx_hal_tim.o(i.HAL_TIM_OC_GetState), (6 bytes).
    Removing stm32f4xx_hal_tim.o(i.HAL_TIM_OC_Init), (54 bytes).
    Removing stm32f4xx_hal_tim.o(i.HAL_TIM_OC_MspDeInit), (2 bytes).
    Removing stm32f4xx_hal_tim.o(i.HAL_TIM_OC_MspInit), (2 bytes).
    Removing stm32f4xx_hal_tim.o(i.HAL_TIM_OC_Start), (56 bytes).
    Removing stm32f4xx_hal_tim.o(i.HAL_TIM_OC_Start_DMA), (240 bytes).
    Removing stm32f4xx_hal_tim.o(i.HAL_TIM_OC_Start_IT), (108 bytes).
    Removing stm32f4xx_hal_tim.o(i.HAL_TIM_OC_Stop), (88 bytes).
    Removing stm32f4xx_hal_tim.o(i.HAL_TIM_OC_Stop_DMA), (144 bytes).
    Removing stm32f4xx_hal_tim.o(i.HAL_TIM_OC_Stop_IT), (136 bytes).
    Removing stm32f4xx_hal_tim.o(i.HAL_TIM_OnePulse_ConfigChannel), (218 bytes).
    Removing stm32f4xx_hal_tim.o(i.HAL_TIM_OnePulse_DeInit), (56 bytes).
    Removing stm32f4xx_hal_tim.o(i.HAL_TIM_OnePulse_GetState), (6 bytes).
    Removing stm32f4xx_hal_tim.o(i.HAL_TIM_OnePulse_Init), (74 bytes).
    Removing stm32f4xx_hal_tim.o(i.HAL_TIM_OnePulse_MspDeInit), (2 bytes).
    Removing stm32f4xx_hal_tim.o(i.HAL_TIM_OnePulse_MspInit), (2 bytes).
    Removing stm32f4xx_hal_tim.o(i.HAL_TIM_OnePulse_Start), (60 bytes).
    Removing stm32f4xx_hal_tim.o(i.HAL_TIM_OnePulse_Start_IT), (80 bytes).
    Removing stm32f4xx_hal_tim.o(i.HAL_TIM_OnePulse_Stop), (100 bytes).
    Removing stm32f4xx_hal_tim.o(i.HAL_TIM_OnePulse_Stop_IT), (120 bytes).
    Removing stm32f4xx_hal_tim.o(i.HAL_TIM_PWM_ConfigChannel), (208 bytes).
    Removing stm32f4xx_hal_tim.o(i.HAL_TIM_PWM_DeInit), (56 bytes).
    Removing stm32f4xx_hal_tim.o(i.HAL_TIM_PWM_GetState), (6 bytes).
    Removing stm32f4xx_hal_tim.o(i.HAL_TIM_PWM_Init), (54 bytes).
    Removing stm32f4xx_hal_tim.o(i.HAL_TIM_PWM_MspDeInit), (2 bytes).
    Removing stm32f4xx_hal_tim.o(i.HAL_TIM_PWM_MspInit), (2 bytes).
    Removing stm32f4xx_hal_tim.o(i.HAL_TIM_PWM_Start), (56 bytes).
    Removing stm32f4xx_hal_tim.o(i.HAL_TIM_PWM_Start_DMA), (240 bytes).
    Removing stm32f4xx_hal_tim.o(i.HAL_TIM_PWM_Start_IT), (108 bytes).
    Removing stm32f4xx_hal_tim.o(i.HAL_TIM_PWM_Stop), (92 bytes).
    Removing stm32f4xx_hal_tim.o(i.HAL_TIM_PWM_Stop_DMA), (144 bytes).
    Removing stm32f4xx_hal_tim.o(i.HAL_TIM_PWM_Stop_IT), (136 bytes).
    Removing stm32f4xx_hal_tim.o(i.HAL_TIM_ReadCapturedValue), (68 bytes).
    Removing stm32f4xx_hal_tim.o(i.HAL_TIM_SlaveConfigSynchronization), (66 bytes).
    Removing stm32f4xx_hal_tim.o(i.HAL_TIM_SlaveConfigSynchronization_IT), (66 bytes).
    Removing stm32f4xx_hal_tim.o(i.TIM_CCxChannelCmd), (22 bytes).
    Removing stm32f4xx_hal_tim.o(i.TIM_DMACaptureCplt), (62 bytes).
    Removing stm32f4xx_hal_tim.o(i.TIM_DMADelayPulseCplt), (62 bytes).
    Removing stm32f4xx_hal_tim.o(i.TIM_DMAError), (16 bytes).
    Removing stm32f4xx_hal_tim.o(i.TIM_DMAPeriodElapsedCplt), (16 bytes).
    Removing stm32f4xx_hal_tim.o(i.TIM_DMATriggerCplt), (16 bytes).
    Removing stm32f4xx_hal_tim.o(i.TIM_ETR_SetConfig), (20 bytes).
    Removing stm32f4xx_hal_tim.o(i.TIM_ITRx_SetConfig), (16 bytes).
    Removing stm32f4xx_hal_tim.o(i.TIM_OC1_SetConfig), (88 bytes).
    Removing stm32f4xx_hal_tim.o(i.TIM_OC2_SetConfig), (100 bytes).
    Removing stm32f4xx_hal_tim.o(i.TIM_OC3_SetConfig), (96 bytes).
    Removing stm32f4xx_hal_tim.o(i.TIM_OC4_SetConfig), (80 bytes).
    Removing stm32f4xx_hal_tim.o(i.TIM_SlaveTimer_SetConfig), (124 bytes).
    Removing stm32f4xx_hal_tim.o(i.TIM_TI1_ConfigInputStage), (34 bytes).
    Removing stm32f4xx_hal_tim.o(i.TIM_TI1_SetConfig), (132 bytes).
    Removing stm32f4xx_hal_tim.o(i.TIM_TI2_ConfigInputStage), (36 bytes).
    Removing stm32f4xx_hal_tim.o(i.TIM_TI2_SetConfig), (54 bytes).
    Removing stm32f4xx_hal_rcc.o(.rev16_text), (4 bytes).
    Removing stm32f4xx_hal_rcc.o(.revsh_text), (4 bytes).
    Removing stm32f4xx_hal_rcc.o(.rrx_text), (6 bytes).
    Removing stm32f4xx_hal_rcc.o(i.HAL_RCC_CSSCallback), (2 bytes).
    Removing stm32f4xx_hal_rcc.o(i.HAL_RCC_DeInit), (2 bytes).
    Removing stm32f4xx_hal_rcc.o(i.HAL_RCC_DisableCSS), (12 bytes).
    Removing stm32f4xx_hal_rcc.o(i.HAL_RCC_EnableCSS), (12 bytes).
    Removing stm32f4xx_hal_rcc.o(i.HAL_RCC_GetClockConfig), (64 bytes).
    Removing stm32f4xx_hal_rcc.o(i.HAL_RCC_GetOscConfig), (224 bytes).
    Removing stm32f4xx_hal_rcc.o(i.HAL_RCC_GetPCLK1Freq), (48 bytes).
    Removing stm32f4xx_hal_rcc.o(i.HAL_RCC_GetPCLK2Freq), (48 bytes).
    Removing stm32f4xx_hal_rcc.o(i.HAL_RCC_MCOConfig), (140 bytes).
    Removing stm32f4xx_hal_rcc.o(i.HAL_RCC_NMI_IRQHandler), (28 bytes).
    Removing stm32f4xx_hal.o(.rev16_text), (4 bytes).
    Removing stm32f4xx_hal.o(.revsh_text), (4 bytes).
    Removing stm32f4xx_hal.o(.rrx_text), (6 bytes).
    Removing stm32f4xx_hal.o(i.HAL_DBGMCU_DisableDBGSleepMode), (16 bytes).
    Removing stm32f4xx_hal.o(i.HAL_DBGMCU_DisableDBGStandbyMode), (16 bytes).
    Removing stm32f4xx_hal.o(i.HAL_DBGMCU_DisableDBGStopMode), (16 bytes).
    Removing stm32f4xx_hal.o(i.HAL_DBGMCU_EnableDBGSleepMode), (16 bytes).
    Removing stm32f4xx_hal.o(i.HAL_DBGMCU_EnableDBGStandbyMode), (16 bytes).
    Removing stm32f4xx_hal.o(i.HAL_DBGMCU_EnableDBGStopMode), (16 bytes).
    Removing stm32f4xx_hal.o(i.HAL_DeInit), (52 bytes).
    Removing stm32f4xx_hal.o(i.HAL_Delay), (22 bytes).
    Removing stm32f4xx_hal.o(i.HAL_DisableCompensationCell), (28 bytes).
    Removing stm32f4xx_hal.o(i.HAL_EnableCompensationCell), (28 bytes).
    Removing stm32f4xx_hal.o(i.HAL_GetDEVID), (16 bytes).
    Removing stm32f4xx_hal.o(i.HAL_GetHalVersion), (8 bytes).
    Removing stm32f4xx_hal.o(i.HAL_GetREVID), (12 bytes).
    Removing stm32f4xx_hal.o(i.HAL_MspDeInit), (2 bytes).
    Removing stm32f4xx_hal.o(i.HAL_MspInit), (2 bytes).
    Removing stm32f4xx_hal.o(i.HAL_ResumeTick), (14 bytes).
    Removing stm32f4xx_hal.o(i.HAL_SuspendTick), (14 bytes).
    Removing stm32f4xx_hal_dma_ex.o(.rev16_text), (4 bytes).
    Removing stm32f4xx_hal_dma_ex.o(.revsh_text), (4 bytes).
    Removing stm32f4xx_hal_dma_ex.o(.rrx_text), (6 bytes).
    Removing stm32f4xx_hal_dma_ex.o(i.DMA_MultiBufferSetConfig), (30 bytes).
    Removing stm32f4xx_hal_dma_ex.o(i.HAL_DMAEx_ChangeMemory), (14 bytes).
    Removing stm32f4xx_hal_dma_ex.o(i.HAL_DMAEx_MultiBufferStart), (100 bytes).
    Removing stm32f4xx_hal_dma_ex.o(i.HAL_DMAEx_MultiBufferStart_IT), (2452 bytes).
    Removing stm32f4xx_hal_flash_ex.o(.rev16_text), (4 bytes).
    Removing stm32f4xx_hal_flash_ex.o(.revsh_text), (4 bytes).
    Removing stm32f4xx_hal_flash_ex.o(.rrx_text), (6 bytes).
    Removing stm32f4xx_hal_flash_ex.o(i.FLASH_Erase_Sector), (88 bytes).
    Removing stm32f4xx_hal_flash_ex.o(i.FLASH_FlushCaches), (84 bytes).
    Removing stm32f4xx_hal_flash_ex.o(i.FLASH_MassErase), (40 bytes).
    Removing stm32f4xx_hal_flash_ex.o(i.HAL_FLASHEx_Erase), (152 bytes).
    Removing stm32f4xx_hal_flash_ex.o(i.HAL_FLASHEx_Erase_IT), (104 bytes).
    Removing stm32f4xx_hal_flash_ex.o(i.HAL_FLASHEx_OBGetConfig), (64 bytes).
    Removing stm32f4xx_hal_flash_ex.o(i.HAL_FLASHEx_OBProgram), (204 bytes).
    Removing stm32f4xx_hal_flash_ramfunc.o(.rev16_text), (4 bytes).
    Removing stm32f4xx_hal_flash_ramfunc.o(.revsh_text), (4 bytes).
    Removing stm32f4xx_hal_flash_ramfunc.o(.rrx_text), (6 bytes).
    Removing stm32f4xx_hal_flash.o(.rev16_text), (4 bytes).
    Removing stm32f4xx_hal_flash.o(.revsh_text), (4 bytes).
    Removing stm32f4xx_hal_flash.o(.rrx_text), (6 bytes).
    Removing stm32f4xx_hal_flash.o(i.FLASH_Program_Byte), (32 bytes).
    Removing stm32f4xx_hal_flash.o(i.FLASH_Program_DoubleWord), (40 bytes).
    Removing stm32f4xx_hal_flash.o(i.FLASH_Program_HalfWord), (36 bytes).
    Removing stm32f4xx_hal_flash.o(i.FLASH_Program_Word), (36 bytes).
    Removing stm32f4xx_hal_flash.o(i.FLASH_SetErrorCode), (136 bytes).
    Removing stm32f4xx_hal_flash.o(i.FLASH_WaitForLastOperation), (88 bytes).
    Removing stm32f4xx_hal_flash.o(i.HAL_FLASH_EndOfOperationCallback), (2 bytes).
    Removing stm32f4xx_hal_flash.o(i.HAL_FLASH_GetError), (12 bytes).
    Removing stm32f4xx_hal_flash.o(i.HAL_FLASH_IRQHandler), (208 bytes).
    Removing stm32f4xx_hal_flash.o(i.HAL_FLASH_Lock), (20 bytes).
    Removing stm32f4xx_hal_flash.o(i.HAL_FLASH_OB_Launch), (24 bytes).
    Removing stm32f4xx_hal_flash.o(i.HAL_FLASH_OB_Lock), (20 bytes).
    Removing stm32f4xx_hal_flash.o(i.HAL_FLASH_OB_Unlock), (40 bytes).
    Removing stm32f4xx_hal_flash.o(i.HAL_FLASH_OperationErrorCallback), (2 bytes).
    Removing stm32f4xx_hal_flash.o(i.HAL_FLASH_Program), (124 bytes).
    Removing stm32f4xx_hal_flash.o(i.HAL_FLASH_Program_IT), (108 bytes).
    Removing stm32f4xx_hal_flash.o(i.HAL_FLASH_Unlock), (40 bytes).
    Removing stm32f4xx_hal_flash.o(.bss), (32 bytes).
    Removing stm32f4xx_hal_pwr_ex.o(.rev16_text), (4 bytes).
    Removing stm32f4xx_hal_pwr_ex.o(.revsh_text), (4 bytes).
    Removing stm32f4xx_hal_pwr_ex.o(.rrx_text), (6 bytes).
    Removing stm32f4xx_hal_pwr_ex.o(i.HAL_PWREx_ControlVoltageScaling), (88 bytes).
    Removing stm32f4xx_hal_pwr_ex.o(i.HAL_PWREx_DisableBkUpReg), (76 bytes).
    Removing stm32f4xx_hal_pwr_ex.o(i.HAL_PWREx_DisableFlashPowerDown), (28 bytes).
    Removing stm32f4xx_hal_pwr_ex.o(i.HAL_PWREx_EnableBkUpReg), (76 bytes).
    Removing stm32f4xx_hal_pwr_ex.o(i.HAL_PWREx_EnableFlashPowerDown), (24 bytes).
    Removing stm32f4xx_hal_pwr_ex.o(i.HAL_PWREx_GetVoltageRange), (16 bytes).
    Removing stm32f4xx_hal_pwr.o(.rev16_text), (4 bytes).
    Removing stm32f4xx_hal_pwr.o(.revsh_text), (4 bytes).
    Removing stm32f4xx_hal_pwr.o(.rrx_text), (6 bytes).
    Removing stm32f4xx_hal_pwr.o(i.HAL_PWR_ConfigPVD), (124 bytes).
    Removing stm32f4xx_hal_pwr.o(i.HAL_PWR_DeInit), (24 bytes).
    Removing stm32f4xx_hal_pwr.o(i.HAL_PWR_DisableBkUpAccess), (28 bytes).
    Removing stm32f4xx_hal_pwr.o(i.HAL_PWR_DisablePVD), (24 bytes).
    Removing stm32f4xx_hal_pwr.o(i.HAL_PWR_DisableSEVOnPend), (16 bytes).
    Removing stm32f4xx_hal_pwr.o(i.HAL_PWR_DisableSleepOnExit), (16 bytes).
    Removing stm32f4xx_hal_pwr.o(i.HAL_PWR_DisableWakeUpPin), (16 bytes).
    Removing stm32f4xx_hal_pwr.o(i.HAL_PWR_EnableBkUpAccess), (24 bytes).
    Removing stm32f4xx_hal_pwr.o(i.HAL_PWR_EnablePVD), (24 bytes).
    Removing stm32f4xx_hal_pwr.o(i.HAL_PWR_EnableSEVOnPend), (16 bytes).
    Removing stm32f4xx_hal_pwr.o(i.HAL_PWR_EnableSleepOnExit), (16 bytes).
    Removing stm32f4xx_hal_pwr.o(i.HAL_PWR_EnableWakeUpPin), (16 bytes).
    Removing stm32f4xx_hal_pwr.o(i.HAL_PWR_EnterSLEEPMode), (32 bytes).
    Removing stm32f4xx_hal_pwr.o(i.HAL_PWR_EnterSTANDBYMode), (32 bytes).
    Removing stm32f4xx_hal_pwr.o(i.HAL_PWR_EnterSTOPMode), (56 bytes).
    Removing stm32f4xx_hal_pwr.o(i.HAL_PWR_PVDCallback), (2 bytes).
    Removing stm32f4xx_hal_pwr.o(i.HAL_PWR_PVD_IRQHandler), (28 bytes).
    Removing stm32f4xx_hal_tim_ex.o(.rev16_text), (4 bytes).
    Removing stm32f4xx_hal_tim_ex.o(.revsh_text), (4 bytes).
    Removing stm32f4xx_hal_tim_ex.o(.rrx_text), (6 bytes).
    Removing stm32f4xx_hal_tim_ex.o(i.HAL_TIMEx_ConfigBreakDeadTime), (66 bytes).
    Removing stm32f4xx_hal_tim_ex.o(i.HAL_TIMEx_ConfigCommutationEvent), (92 bytes).
    Removing stm32f4xx_hal_tim_ex.o(i.HAL_TIMEx_ConfigCommutationEvent_DMA), (124 bytes).
    Removing stm32f4xx_hal_tim_ex.o(i.HAL_TIMEx_ConfigCommutationEvent_IT), (102 bytes).
    Removing stm32f4xx_hal_tim_ex.o(i.HAL_TIMEx_HallSensor_DeInit), (56 bytes).
    Removing stm32f4xx_hal_tim_ex.o(i.HAL_TIMEx_HallSensor_GetState), (6 bytes).
    Removing stm32f4xx_hal_tim_ex.o(i.HAL_TIMEx_HallSensor_Init), (176 bytes).
    Removing stm32f4xx_hal_tim_ex.o(i.HAL_TIMEx_HallSensor_MspDeInit), (2 bytes).
    Removing stm32f4xx_hal_tim_ex.o(i.HAL_TIMEx_HallSensor_MspInit), (2 bytes).
    Removing stm32f4xx_hal_tim_ex.o(i.HAL_TIMEx_HallSensor_Start), (28 bytes).
    Removing stm32f4xx_hal_tim_ex.o(i.HAL_TIMEx_HallSensor_Start_DMA), (104 bytes).
    Removing stm32f4xx_hal_tim_ex.o(i.HAL_TIMEx_HallSensor_Start_IT), (38 bytes).
    Removing stm32f4xx_hal_tim_ex.o(i.HAL_TIMEx_HallSensor_Stop), (46 bytes).
    Removing stm32f4xx_hal_tim_ex.o(i.HAL_TIMEx_HallSensor_Stop_DMA), (56 bytes).
    Removing stm32f4xx_hal_tim_ex.o(i.HAL_TIMEx_HallSensor_Stop_IT), (56 bytes).
    Removing stm32f4xx_hal_tim_ex.o(i.HAL_TIMEx_OCN_Start), (36 bytes).
    Removing stm32f4xx_hal_tim_ex.o(i.HAL_TIMEx_OCN_Start_DMA), (220 bytes).
    Removing stm32f4xx_hal_tim_ex.o(i.HAL_TIMEx_OCN_Start_IT), (96 bytes).
    Removing stm32f4xx_hal_tim_ex.o(i.HAL_TIMEx_OCN_Stop), (68 bytes).
    Removing stm32f4xx_hal_tim_ex.o(i.HAL_TIMEx_OCN_Stop_DMA), (124 bytes).
    Removing stm32f4xx_hal_tim_ex.o(i.HAL_TIMEx_OCN_Stop_IT), (134 bytes).
    Removing stm32f4xx_hal_tim_ex.o(i.HAL_TIMEx_OnePulseN_Start), (26 bytes).
    Removing stm32f4xx_hal_tim_ex.o(i.HAL_TIMEx_OnePulseN_Start_IT), (46 bytes).
    Removing stm32f4xx_hal_tim_ex.o(i.HAL_TIMEx_OnePulseN_Stop), (68 bytes).
    Removing stm32f4xx_hal_tim_ex.o(i.HAL_TIMEx_OnePulseN_Stop_IT), (88 bytes).
    Removing stm32f4xx_hal_tim_ex.o(i.HAL_TIMEx_PWMN_Start), (36 bytes).
    Removing stm32f4xx_hal_tim_ex.o(i.HAL_TIMEx_PWMN_Start_DMA), (220 bytes).
    Removing stm32f4xx_hal_tim_ex.o(i.HAL_TIMEx_PWMN_Start_IT), (96 bytes).
    Removing stm32f4xx_hal_tim_ex.o(i.HAL_TIMEx_PWMN_Stop), (68 bytes).
    Removing stm32f4xx_hal_tim_ex.o(i.HAL_TIMEx_PWMN_Stop_DMA), (124 bytes).
    Removing stm32f4xx_hal_tim_ex.o(i.HAL_TIMEx_PWMN_Stop_IT), (134 bytes).
    Removing stm32f4xx_hal_tim_ex.o(i.HAL_TIMEx_RemapConfig), (34 bytes).
    Removing stm32f4xx_hal_tim_ex.o(i.TIMEx_DMACommutationCplt), (16 bytes).
    Removing stm32f4xx_hal_tim_ex.o(i.TIM_CCxNChannelCmd), (22 bytes).
    Removing stm32f4xx_hal_dma.o(.rev16_text), (4 bytes).
    Removing stm32f4xx_hal_dma.o(.revsh_text), (4 bytes).
    Removing stm32f4xx_hal_dma.o(.rrx_text), (6 bytes).
    Removing stm32f4xx_hal_dma.o(i.HAL_DMA_Abort), (142 bytes).
    Removing stm32f4xx_hal_dma.o(i.HAL_DMA_Abort_IT), (36 bytes).
    Removing stm32f4xx_hal_dma.o(i.HAL_DMA_DeInit), (86 bytes).
    Removing stm32f4xx_hal_dma.o(i.HAL_DMA_GetError), (4 bytes).
    Removing stm32f4xx_hal_dma.o(i.HAL_DMA_GetState), (6 bytes).
    Removing stm32f4xx_hal_dma.o(i.HAL_DMA_PollForTransfer), (300 bytes).
    Removing stm32f4xx_hal_dma.o(i.HAL_DMA_RegisterCallback), (80 bytes).
    Removing stm32f4xx_hal_dma.o(i.HAL_DMA_Start), (70 bytes).
    Removing stm32f4xx_hal_dma.o(i.HAL_DMA_UnRegisterCallback), (96 bytes).
    Removing stm32f4xx_hal_cortex.o(.rev16_text), (4 bytes).
    Removing stm32f4xx_hal_cortex.o(.revsh_text), (4 bytes).
    Removing stm32f4xx_hal_cortex.o(.rrx_text), (6 bytes).
    Removing stm32f4xx_hal_cortex.o(i.HAL_MPU_ConfigRegion), (84 bytes).
    Removing stm32f4xx_hal_cortex.o(i.HAL_NVIC_ClearPendingIRQ), (22 bytes).
    Removing stm32f4xx_hal_cortex.o(i.HAL_NVIC_DisableIRQ), (22 bytes).
    Removing stm32f4xx_hal_cortex.o(i.HAL_NVIC_GetActive), (32 bytes).
    Removing stm32f4xx_hal_cortex.o(i.HAL_NVIC_GetPendingIRQ), (32 bytes).
    Removing stm32f4xx_hal_cortex.o(i.HAL_NVIC_GetPriority), (82 bytes).
    Removing stm32f4xx_hal_cortex.o(i.HAL_NVIC_GetPriorityGrouping), (16 bytes).
    Removing stm32f4xx_hal_cortex.o(i.HAL_NVIC_SetPendingIRQ), (22 bytes).
    Removing stm32f4xx_hal_cortex.o(i.HAL_NVIC_SystemReset), (36 bytes).
    Removing stm32f4xx_hal_i2s_ex.o(.rev16_text), (4 bytes).
    Removing stm32f4xx_hal_i2s_ex.o(.revsh_text), (4 bytes).
    Removing stm32f4xx_hal_i2s_ex.o(.rrx_text), (6 bytes).
    Removing stm32f4xx_hal_i2s_ex.o(i.HAL_I2SEx_TransmitReceive), (488 bytes).
    Removing stm32f4xx_hal_i2s_ex.o(i.HAL_I2SEx_TransmitReceive_IT), (372 bytes).
    Removing stm32f4xx_hal_i2s_ex.o(i.HAL_I2S_DMAPause), (172 bytes).
    Removing stm32f4xx_hal_i2s_ex.o(i.HAL_I2S_DMAResume), (188 bytes).
    Removing stm32f4xx_hal_i2s_ex.o(i.HAL_I2S_DMAStop), (200 bytes).
    Removing stm32f4xx_hal_i2s.o(.rev16_text), (4 bytes).
    Removing stm32f4xx_hal_i2s.o(.revsh_text), (4 bytes).
    Removing stm32f4xx_hal_i2s.o(.rrx_text), (6 bytes).
    Removing stm32f4xx_hal_i2s.o(i.HAL_I2S_DMAPause), (88 bytes).
    Removing stm32f4xx_hal_i2s.o(i.HAL_I2S_DMAResume), (104 bytes).
    Removing stm32f4xx_hal_i2s.o(i.HAL_I2S_DMAStop), (80 bytes).
    Removing stm32f4xx_hal_i2s.o(i.HAL_I2S_DeInit), (36 bytes).
    Removing stm32f4xx_hal_i2s.o(i.HAL_I2S_GetError), (4 bytes).
    Removing stm32f4xx_hal_i2s.o(i.HAL_I2S_GetState), (6 bytes).
    Removing stm32f4xx_hal_i2s.o(i.HAL_I2S_IRQHandler), (150 bytes).
    Removing stm32f4xx_hal_i2s.o(i.HAL_I2S_Init), (202 bytes).
    Removing stm32f4xx_hal_i2s.o(i.HAL_I2S_MspDeInit), (2 bytes).
    Removing stm32f4xx_hal_i2s.o(i.HAL_I2S_MspInit), (2 bytes).
    Removing stm32f4xx_hal_i2s.o(i.HAL_I2S_Receive), (176 bytes).
    Removing stm32f4xx_hal_i2s.o(i.HAL_I2S_Receive_DMA), (192 bytes).
    Removing stm32f4xx_hal_i2s.o(i.HAL_I2S_Receive_IT), (114 bytes).
    Removing stm32f4xx_hal_i2s.o(i.HAL_I2S_RxCpltCallback), (2 bytes).
    Removing stm32f4xx_hal_i2s.o(i.HAL_I2S_RxHalfCpltCallback), (2 bytes).
    Removing stm32f4xx_hal_i2s.o(i.HAL_I2S_Transmit), (192 bytes).
    Removing stm32f4xx_hal_i2s.o(i.HAL_I2S_Transmit_DMA), (168 bytes).
    Removing stm32f4xx_hal_i2s.o(i.HAL_I2S_Transmit_IT), (114 bytes).
    Removing stm32f4xx_hal_i2s.o(i.HAL_I2S_TxCpltCallback), (2 bytes).
    Removing stm32f4xx_hal_i2s.o(i.HAL_I2S_TxHalfCpltCallback), (2 bytes).
    Removing stm32f4xx_hal_i2s.o(i.I2S_WaitFlagStateUntilTimeout), (106 bytes).
    Removing stm32f4xx_hal_spi.o(.rev16_text), (4 bytes).
    Removing stm32f4xx_hal_spi.o(.revsh_text), (4 bytes).
    Removing stm32f4xx_hal_spi.o(.rrx_text), (6 bytes).
    Removing stm32f4xx_hal_spi.o(i.HAL_SPI_DMAPause), (38 bytes).
    Removing stm32f4xx_hal_spi.o(i.HAL_SPI_DMAResume), (38 bytes).
    Removing stm32f4xx_hal_spi.o(i.HAL_SPI_DMAStop), (40 bytes).
    Removing stm32f4xx_hal_spi.o(i.HAL_SPI_DeInit), (46 bytes).
    Removing stm32f4xx_hal_spi.o(i.HAL_SPI_ErrorCallback), (2 bytes).
    Removing stm32f4xx_hal_spi.o(i.HAL_SPI_GetError), (4 bytes).
    Removing stm32f4xx_hal_spi.o(i.HAL_SPI_GetState), (6 bytes).
    Removing stm32f4xx_hal_spi.o(i.HAL_SPI_IRQHandler), (212 bytes).
    Removing stm32f4xx_hal_spi.o(i.HAL_SPI_MspDeInit), (2 bytes).
    Removing stm32f4xx_hal_spi.o(i.HAL_SPI_MspInit), (2 bytes).
    Removing stm32f4xx_hal_spi.o(i.HAL_SPI_Receive), (336 bytes).
    Removing stm32f4xx_hal_spi.o(i.HAL_SPI_Receive_DMA), (212 bytes).
    Removing stm32f4xx_hal_spi.o(i.HAL_SPI_Receive_IT), (164 bytes).
    Removing stm32f4xx_hal_spi.o(i.HAL_SPI_RxCpltCallback), (2 bytes).
    Removing stm32f4xx_hal_spi.o(i.HAL_SPI_RxHalfCpltCallback), (2 bytes).
    Removing stm32f4xx_hal_spi.o(i.HAL_SPI_TransmitReceive), (472 bytes).
    Removing stm32f4xx_hal_spi.o(i.HAL_SPI_TransmitReceive_DMA), (264 bytes).
    Removing stm32f4xx_hal_spi.o(i.HAL_SPI_TransmitReceive_IT), (164 bytes).
    Removing stm32f4xx_hal_spi.o(i.HAL_SPI_Transmit_DMA), (184 bytes).
    Removing stm32f4xx_hal_spi.o(i.HAL_SPI_Transmit_IT), (152 bytes).
    Removing stm32f4xx_hal_spi.o(i.HAL_SPI_TxCpltCallback), (2 bytes).
    Removing stm32f4xx_hal_spi.o(i.HAL_SPI_TxHalfCpltCallback), (2 bytes).
    Removing stm32f4xx_hal_spi.o(i.HAL_SPI_TxRxCpltCallback), (2 bytes).
    Removing stm32f4xx_hal_spi.o(i.HAL_SPI_TxRxHalfCpltCallback), (2 bytes).
    Removing stm32f4xx_hal_spi.o(i.SPI_2linesRxISR_16BIT), (48 bytes).
    Removing stm32f4xx_hal_spi.o(i.SPI_2linesRxISR_8BIT), (46 bytes).
    Removing stm32f4xx_hal_spi.o(i.SPI_2linesTxISR_16BIT), (48 bytes).
    Removing stm32f4xx_hal_spi.o(i.SPI_2linesTxISR_8BIT), (46 bytes).
    Removing stm32f4xx_hal_spi.o(i.SPI_CloseRxTx_ISR), (144 bytes).
    Removing stm32f4xx_hal_spi.o(i.SPI_CloseRx_ISR), (78 bytes).
    Removing stm32f4xx_hal_spi.o(i.SPI_CloseTx_ISR), (124 bytes).
    Removing stm32f4xx_hal_spi.o(i.SPI_DMAAbortOnError), (16 bytes).
    Removing stm32f4xx_hal_spi.o(i.SPI_DMAError), (34 bytes).
    Removing stm32f4xx_hal_spi.o(i.SPI_DMAHalfReceiveCplt), (10 bytes).
    Removing stm32f4xx_hal_spi.o(i.SPI_DMAHalfTransmitCplt), (10 bytes).
    Removing stm32f4xx_hal_spi.o(i.SPI_DMAHalfTransmitReceiveCplt), (10 bytes).
    Removing stm32f4xx_hal_spi.o(i.SPI_DMAReceiveCplt), (82 bytes).
    Removing stm32f4xx_hal_spi.o(i.SPI_DMATransmitCplt), (90 bytes).
    Removing stm32f4xx_hal_spi.o(i.SPI_DMATransmitReceiveCplt), (80 bytes).
    Removing stm32f4xx_hal_spi.o(i.SPI_RxISR_16BIT), (32 bytes).
    Removing stm32f4xx_hal_spi.o(i.SPI_RxISR_8BIT), (30 bytes).
    Removing stm32f4xx_hal_spi.o(i.SPI_TxISR_16BIT), (32 bytes).
    Removing stm32f4xx_hal_spi.o(i.SPI_TxISR_8BIT), (30 bytes).
    Removing arm_abs_f32.o(.rev16_text), (4 bytes).
    Removing arm_abs_f32.o(.revsh_text), (4 bytes).
    Removing arm_abs_f32.o(.rrx_text), (6 bytes).
    Removing arm_add_f32.o(.rev16_text), (4 bytes).
    Removing arm_add_f32.o(.revsh_text), (4 bytes).
    Removing arm_add_f32.o(.rrx_text), (6 bytes).
    Removing arm_mult_f32.o(.rev16_text), (4 bytes).
    Removing arm_mult_f32.o(.revsh_text), (4 bytes).
    Removing arm_mult_f32.o(.rrx_text), (6 bytes).
    Removing arm_scale_f32.o(.rev16_text), (4 bytes).
    Removing arm_scale_f32.o(.revsh_text), (4 bytes).
    Removing arm_scale_f32.o(.rrx_text), (6 bytes).
    Removing arm_sub_f32.o(.rev16_text), (4 bytes).
    Removing arm_sub_f32.o(.revsh_text), (4 bytes).
    Removing arm_sub_f32.o(.rrx_text), (6 bytes).
    Removing arm_fir_init_f32.o(.rev16_text), (4 bytes).
    Removing arm_fir_init_f32.o(.revsh_text), (4 bytes).
    Removing arm_fir_init_f32.o(.rrx_text), (6 bytes).
    Removing arm_max_f32.o(.rev16_text), (4 bytes).
    Removing arm_max_f32.o(.revsh_text), (4 bytes).
    Removing arm_max_f32.o(.rrx_text), (6 bytes).
    Removing arm_float_to_q31.o(.rev16_text), (4 bytes).
    Removing arm_float_to_q31.o(.revsh_text), (4 bytes).
    Removing arm_float_to_q31.o(.rrx_text), (6 bytes).

407 unused section(s) (total 29606 bytes) removed from the image.

==============================================================================

Image Symbol Table

    Local Symbols

    Symbol Name                              Value     Ov Type        Size  Object(Section)

    ../Drivers/CMSIS//Device/ST/STM32F4xx/Source/Templates/system_stm32f4xx.c 0x00000000   Number         0  system_stm32f4xx.o ABSOLUTE
    ../Drivers/STM32F4xx_HAL_Driver/Src/stm32f4xx_hal.c 0x00000000   Number         0  stm32f4xx_hal.o ABSOLUTE
    ../Drivers/STM32F4xx_HAL_Driver/Src/stm32f4xx_hal_cortex.c 0x00000000   Number         0  stm32f4xx_hal_cortex.o ABSOLUTE
    ../Drivers/STM32F4xx_HAL_Driver/Src/stm32f4xx_hal_dma.c 0x00000000   Number         0  stm32f4xx_hal_dma.o ABSOLUTE
    ../Drivers/STM32F4xx_HAL_Driver/Src/stm32f4xx_hal_dma_ex.c 0x00000000   Number         0  stm32f4xx_hal_dma_ex.o ABSOLUTE
    ../Drivers/STM32F4xx_HAL_Driver/Src/stm32f4xx_hal_flash.c 0x00000000   Number         0  stm32f4xx_hal_flash.o ABSOLUTE
    ../Drivers/STM32F4xx_HAL_Driver/Src/stm32f4xx_hal_flash_ex.c 0x00000000   Number         0  stm32f4xx_hal_flash_ex.o ABSOLUTE
    ../Drivers/STM32F4xx_HAL_Driver/Src/stm32f4xx_hal_flash_ramfunc.c 0x00000000   Number         0  stm32f4xx_hal_flash_ramfunc.o ABSOLUTE
    ../Drivers/STM32F4xx_HAL_Driver/Src/stm32f4xx_hal_gpio.c 0x00000000   Number         0  stm32f4xx_hal_gpio.o ABSOLUTE
    ../Drivers/STM32F4xx_HAL_Driver/Src/stm32f4xx_hal_i2s.c 0x00000000   Number         0  stm32f4xx_hal_i2s.o ABSOLUTE
    ../Drivers/STM32F4xx_HAL_Driver/Src/stm32f4xx_hal_i2s_ex.c 0x00000000   Number         0  stm32f4xx_hal_i2s_ex.o ABSOLUTE
    ../Drivers/STM32F4xx_HAL_Driver/Src/stm32f4xx_hal_pwr.c 0x00000000   Number         0  stm32f4xx_hal_pwr.o ABSOLUTE
    ../Drivers/STM32F4xx_HAL_Driver/Src/stm32f4xx_hal_pwr_ex.c 0x00000000   Number         0  stm32f4xx_hal_pwr_ex.o ABSOLUTE
    ../Drivers/STM32F4xx_HAL_Driver/Src/stm32f4xx_hal_rcc.c 0x00000000   Number         0  stm32f4xx_hal_rcc.o ABSOLUTE
    ../Drivers/STM32F4xx_HAL_Driver/Src/stm32f4xx_hal_rcc_ex.c 0x00000000   Number         0  stm32f4xx_hal_rcc_ex.o ABSOLUTE
    ../Drivers/STM32F4xx_HAL_Driver/Src/stm32f4xx_hal_spi.c 0x00000000   Number         0  stm32f4xx_hal_spi.o ABSOLUTE
    ../Drivers/STM32F4xx_HAL_Driver/Src/stm32f4xx_hal_tim.c 0x00000000   Number         0  stm32f4xx_hal_tim.o ABSOLUTE
    ../Drivers/STM32F4xx_HAL_Driver/Src/stm32f4xx_hal_tim_ex.c 0x00000000   Number         0  stm32f4xx_hal_tim_ex.o ABSOLUTE
    ../Src/main.c                            0x00000000   Number         0  main.o ABSOLUTE
    ../Src/stm32f4xx_hal_msp.c               0x00000000   Number         0  stm32f4xx_hal_msp.o ABSOLUTE
    ../Src/stm32f4xx_it.c                    0x00000000   Number         0  stm32f4xx_it.o ABSOLUTE
    ../clib/../cmprslib/lz77c.c              0x00000000   Number         0  __dclz77c.o ABSOLUTE
    ../clib/microlib/init/entry.s            0x00000000   Number         0  entry10b.o ABSOLUTE
    ../clib/microlib/init/entry.s            0x00000000   Number         0  entry10a.o ABSOLUTE
    ../clib/microlib/init/entry.s            0x00000000   Number         0  entry9b.o ABSOLUTE
    ../clib/microlib/init/entry.s            0x00000000   Number         0  entry9a.o ABSOLUTE
    ../clib/microlib/init/entry.s            0x00000000   Number         0  entry5.o ABSOLUTE
    ../clib/microlib/init/entry.s            0x00000000   Number         0  entry8b.o ABSOLUTE
    ../clib/microlib/init/entry.s            0x00000000   Number         0  entry7b.o ABSOLUTE
    ../clib/microlib/init/entry.s            0x00000000   Number         0  entry7a.o ABSOLUTE
    ../clib/microlib/init/entry.s            0x00000000   Number         0  entry8a.o ABSOLUTE
    ../clib/microlib/init/entry.s            0x00000000   Number         0  entry11b.o ABSOLUTE
    ../clib/microlib/init/entry.s            0x00000000   Number         0  entry.o ABSOLUTE
    ../clib/microlib/init/entry.s            0x00000000   Number         0  entry11a.o ABSOLUTE
    ../clib/microlib/init/entry.s            0x00000000   Number         0  entry2.o ABSOLUTE
    ../clib/microlib/longlong.c              0x00000000   Number         0  llshl.o ABSOLUTE
    ../clib/microlib/string/memset.c         0x00000000   Number         0  memseta.o ABSOLUTE
    ../clib/microlib/stubs.s                 0x00000000   Number         0  iusefp.o ABSOLUTE
    ../fplib/microlib/fpfix.c                0x00000000   Number         0  ffixl.o ABSOLUTE
    ..\..\Source\BasicMathFunctions\arm_abs_f32.c 0x00000000   Number         0  arm_abs_f32.o ABSOLUTE
    ..\..\Source\BasicMathFunctions\arm_add_f32.c 0x00000000   Number         0  arm_add_f32.o ABSOLUTE
    ..\..\Source\BasicMathFunctions\arm_mult_f32.c 0x00000000   Number         0  arm_mult_f32.o ABSOLUTE
    ..\..\Source\BasicMathFunctions\arm_scale_f32.c 0x00000000   Number         0  arm_scale_f32.o ABSOLUTE
    ..\..\Source\BasicMathFunctions\arm_sub_f32.c 0x00000000   Number         0  arm_sub_f32.o ABSOLUTE
    ..\..\Source\FilteringFunctions\arm_fir_init_f32.c 0x00000000   Number         0  arm_fir_init_f32.o ABSOLUTE
    ..\..\Source\StatisticsFunctions\arm_max_f32.c 0x00000000   Number         0  arm_max_f32.o ABSOLUTE
    ..\..\Source\SupportFunctions\arm_float_to_q31.c 0x00000000   Number         0  arm_float_to_q31.o ABSOLUTE
    ..\Drivers\CMSIS\\Device\ST\STM32F4xx\Source\Templates\system_stm32f4xx.c 0x00000000   Number         0  system_stm32f4xx.o ABSOLUTE
    ..\Drivers\STM32F4xx_HAL_Driver\Src\stm32f4xx_hal.c 0x00000000   Number         0  stm32f4xx_hal.o ABSOLUTE
    ..\Drivers\STM32F4xx_HAL_Driver\Src\stm32f4xx_hal_cortex.c 0x00000000   Number         0  stm32f4xx_hal_cortex.o ABSOLUTE
    ..\Drivers\STM32F4xx_HAL_Driver\Src\stm32f4xx_hal_dma.c 0x00000000   Number         0  stm32f4xx_hal_dma.o ABSOLUTE
    ..\Drivers\STM32F4xx_HAL_Driver\Src\stm32f4xx_hal_dma_ex.c 0x00000000   Number         0  stm32f4xx_hal_dma_ex.o ABSOLUTE
    ..\Drivers\STM32F4xx_HAL_Driver\Src\stm32f4xx_hal_flash.c 0x00000000   Number         0  stm32f4xx_hal_flash.o ABSOLUTE
    ..\Drivers\STM32F4xx_HAL_Driver\Src\stm32f4xx_hal_flash_ex.c 0x00000000   Number         0  stm32f4xx_hal_flash_ex.o ABSOLUTE
    ..\Drivers\STM32F4xx_HAL_Driver\Src\stm32f4xx_hal_flash_ramfunc.c 0x00000000   Number         0  stm32f4xx_hal_flash_ramfunc.o ABSOLUTE
    ..\Drivers\STM32F4xx_HAL_Driver\Src\stm32f4xx_hal_gpio.c 0x00000000   Number         0  stm32f4xx_hal_gpio.o ABSOLUTE
    ..\Drivers\STM32F4xx_HAL_Driver\Src\stm32f4xx_hal_i2s.c 0x00000000   Number         0  stm32f4xx_hal_i2s.o ABSOLUTE
    ..\Drivers\STM32F4xx_HAL_Driver\Src\stm32f4xx_hal_i2s_ex.c 0x00000000   Number         0  stm32f4xx_hal_i2s_ex.o ABSOLUTE
    ..\Drivers\STM32F4xx_HAL_Driver\Src\stm32f4xx_hal_pwr.c 0x00000000   Number         0  stm32f4xx_hal_pwr.o ABSOLUTE
    ..\Drivers\STM32F4xx_HAL_Driver\Src\stm32f4xx_hal_pwr_ex.c 0x00000000   Number         0  stm32f4xx_hal_pwr_ex.o ABSOLUTE
    ..\Drivers\STM32F4xx_HAL_Driver\Src\stm32f4xx_hal_rcc.c 0x00000000   Number         0  stm32f4xx_hal_rcc.o ABSOLUTE
    ..\Drivers\STM32F4xx_HAL_Driver\Src\stm32f4xx_hal_rcc_ex.c 0x00000000   Number         0  stm32f4xx_hal_rcc_ex.o ABSOLUTE
    ..\Drivers\STM32F4xx_HAL_Driver\Src\stm32f4xx_hal_spi.c 0x00000000   Number         0  stm32f4xx_hal_spi.o ABSOLUTE
    ..\Drivers\STM32F4xx_HAL_Driver\Src\stm32f4xx_hal_tim.c 0x00000000   Number         0  stm32f4xx_hal_tim.o ABSOLUTE
    ..\Drivers\STM32F4xx_HAL_Driver\Src\stm32f4xx_hal_tim_ex.c 0x00000000   Number         0  stm32f4xx_hal_tim_ex.o ABSOLUTE
    ..\Src\codec.c                           0x00000000   Number         0  codec.o ABSOLUTE
    ..\Src\main.c                            0x00000000   Number         0  main.o ABSOLUTE
    ..\Src\stm32f4xx_hal_msp.c               0x00000000   Number         0  stm32f4xx_hal_msp.o ABSOLUTE
    ..\Src\stm32f4xx_it.c                    0x00000000   Number         0  stm32f4xx_it.o ABSOLUTE
    ..\\..\\Source\\BasicMathFunctions\\arm_abs_f32.c 0x00000000   Number         0  arm_abs_f32.o ABSOLUTE
    ..\\..\\Source\\BasicMathFunctions\\arm_add_f32.c 0x00000000   Number         0  arm_add_f32.o ABSOLUTE
    ..\\..\\Source\\BasicMathFunctions\\arm_mult_f32.c 0x00000000   Number         0  arm_mult_f32.o ABSOLUTE
    ..\\..\\Source\\BasicMathFunctions\\arm_scale_f32.c 0x00000000   Number         0  arm_scale_f32.o ABSOLUTE
    ..\\..\\Source\\BasicMathFunctions\\arm_sub_f32.c 0x00000000   Number         0  arm_sub_f32.o ABSOLUTE
    ..\\..\\Source\\FilteringFunctions\\arm_fir_init_f32.c 0x00000000   Number         0  arm_fir_init_f32.o ABSOLUTE
    ..\\..\\Source\\StatisticsFunctions\\arm_max_f32.c 0x00000000   Number         0  arm_max_f32.o ABSOLUTE
    ..\\..\\Source\\SupportFunctions\\arm_float_to_q31.c 0x00000000   Number         0  arm_float_to_q31.o ABSOLUTE
    ..\\Src\\codec.c                         0x00000000   Number         0  codec.o ABSOLUTE
    dc.s                                     0x00000000   Number         0  dc.o ABSOLUTE
    handlers.s                               0x00000000   Number         0  handlers.o ABSOLUTE
    init.s                                   0x00000000   Number         0  init.o ABSOLUTE
    startup_stm32f407xx.s                    0x00000000   Number         0  startup_stm32f407xx.o ABSOLUTE
    RESET                                    0x08000000   Section      392  startup_stm32f407xx.o(RESET)
    .ARM.Collect$$$$00000000                 0x08000188   Section        0  entry.o(.ARM.Collect$$$$00000000)
    .ARM.Collect$$$$00000001                 0x08000188   Section        4  entry2.o(.ARM.Collect$$$$00000001)
    .ARM.Collect$$$$00000004                 0x0800018c   Section        4  entry5.o(.ARM.Collect$$$$00000004)
    .ARM.Collect$$$$00000008                 0x08000190   Section        0  entry7b.o(.ARM.Collect$$$$00000008)
    .ARM.Collect$$$$0000000A                 0x08000190   Section        0  entry8b.o(.ARM.Collect$$$$0000000A)
    .ARM.Collect$$$$0000000B                 0x08000190   Section        8  entry9a.o(.ARM.Collect$$$$0000000B)
    .ARM.Collect$$$$0000000D                 0x08000198   Section        0  entry10a.o(.ARM.Collect$$$$0000000D)
    .ARM.Collect$$$$0000000F                 0x08000198   Section        0  entry11a.o(.ARM.Collect$$$$0000000F)
    .ARM.Collect$$$$00002712                 0x08000198   Section        4  entry2.o(.ARM.Collect$$$$00002712)
    __lit__00000000                          0x08000198   Data           4  entry2.o(.ARM.Collect$$$$00002712)
    .text                                    0x0800019c   Section       36  startup_stm32f407xx.o(.text)
    $v0                                      0x0800019c   Number         0  startup_stm32f407xx.o(.text)
    .text                                    0x080001c0   Section        0  arm_abs_f32.o(.text)
    .text                                    0x08000264   Section        0  arm_add_f32.o(.text)
    .text                                    0x08000338   Section        0  arm_mult_f32.o(.text)
    .text                                    0x0800040c   Section        0  arm_scale_f32.o(.text)
    .text                                    0x080004a4   Section        0  arm_sub_f32.o(.text)
    .text                                    0x08000576   Section        0  arm_fir_init_f32.o(.text)
    .text                                    0x08000594   Section        0  arm_max_f32.o(.text)
    .text                                    0x0800066c   Section        0  arm_float_to_q31.o(.text)
    .text                                    0x08000804   Section        0  memseta.o(.text)
    .text                                    0x08000828   Section        0  ffixl.o(.text)
    .text                                    0x0800086a   Section        0  llshl.o(.text)
    .text                                    0x08000888   Section       36  init.o(.text)
    .text                                    0x08000888   Section        0  iusefp.o(.text)
    .text                                    0x080008ac   Section        0  __dclz77c.o(.text)
    i.AK4621EF_init                          0x0800090c   Section        0  codec.o(i.AK4621EF_init)
    i.BusFault_Handler                       0x08000bb4   Section        0  stm32f4xx_it.o(i.BusFault_Handler)
    i.DMA1_Stream0_IRQHandler                0x08000bb8   Section        0  stm32f4xx_it.o(i.DMA1_Stream0_IRQHandler)
    i.DMA1_Stream5_IRQHandler                0x08000bc4   Section        0  stm32f4xx_it.o(i.DMA1_Stream5_IRQHandler)
    i.DMA_CalcBaseAndBitshift                0x08000bd0   Section        0  stm32f4xx_hal_dma.o(i.DMA_CalcBaseAndBitshift)
    DMA_CalcBaseAndBitshift                  0x08000bd1   Thumb Code    34  stm32f4xx_hal_dma.o(i.DMA_CalcBaseAndBitshift)
    i.DMA_CheckFifoParam                     0x08000bf8   Section        0  stm32f4xx_hal_dma.o(i.DMA_CheckFifoParam)
    DMA_CheckFifoParam                       0x08000bf9   Thumb Code    84  stm32f4xx_hal_dma.o(i.DMA_CheckFifoParam)
    i.DMA_SetConfig                          0x08000c4c   Section        0  stm32f4xx_hal_dma.o(i.DMA_SetConfig)
    DMA_SetConfig                            0x08000c4d   Thumb Code    40  stm32f4xx_hal_dma.o(i.DMA_SetConfig)
    i.DebugMon_Handler                       0x08000c74   Section        0  stm32f4xx_it.o(i.DebugMon_Handler)
    i.Error_Handler                          0x08000c78   Section        0  main.o(i.Error_Handler)
    i.HAL_DMA_IRQHandler                     0x08000c98   Section        0  stm32f4xx_hal_dma.o(i.HAL_DMA_IRQHandler)
    i.HAL_DMA_Init                           0x08000e40   Section        0  stm32f4xx_hal_dma.o(i.HAL_DMA_Init)
    i.HAL_DMA_Start_IT                       0x08000f10   Section        0  stm32f4xx_hal_dma.o(i.HAL_DMA_Start_IT)
    i.HAL_GPIO_Init                          0x08000f88   Section        0  stm32f4xx_hal_gpio.o(i.HAL_GPIO_Init)
    i.HAL_GPIO_WritePin                      0x08001138   Section        0  stm32f4xx_hal_gpio.o(i.HAL_GPIO_WritePin)
    i.HAL_GetTick                            0x08001144   Section        0  stm32f4xx_hal.o(i.HAL_GetTick)
    i.HAL_I2SEx_TransmitReceive_DMA          0x08001150   Section        0  stm32f4xx_hal_i2s_ex.o(i.HAL_I2SEx_TransmitReceive_DMA)
    i.HAL_I2S_ErrorCallback                  0x0800131c   Section        0  stm32f4xx_hal_i2s.o(i.HAL_I2S_ErrorCallback)
    i.HAL_I2S_IRQHandler                     0x08001320   Section        0  stm32f4xx_hal_i2s_ex.o(i.HAL_I2S_IRQHandler)
    i.HAL_I2S_Init                           0x08001518   Section        0  stm32f4xx_hal_i2s_ex.o(i.HAL_I2S_Init)
    i.HAL_I2S_MspInit                        0x0800167c   Section        0  stm32f4xx_hal_msp.o(i.HAL_I2S_MspInit)
    i.HAL_I2S_RxCpltCallback                 0x08001790   Section        0  codec.o(i.HAL_I2S_RxCpltCallback)
    i.HAL_I2S_RxHalfCpltCallback             0x080017c8   Section        0  codec.o(i.HAL_I2S_RxHalfCpltCallback)
    i.HAL_I2S_TxCpltCallback                 0x08001800   Section        0  codec.o(i.HAL_I2S_TxCpltCallback)
    i.HAL_I2S_TxHalfCpltCallback             0x08001802   Section        0  codec.o(i.HAL_I2S_TxHalfCpltCallback)
    i.HAL_IncTick                            0x08001804   Section        0  stm32f4xx_hal.o(i.HAL_IncTick)
    i.HAL_Init                               0x08001814   Section        0  stm32f4xx_hal.o(i.HAL_Init)
    i.HAL_InitTick                           0x08001848   Section        0  stm32f4xx_hal.o(i.HAL_InitTick)
    i.HAL_MspInit                            0x08001870   Section        0  stm32f4xx_hal_msp.o(i.HAL_MspInit)
    i.HAL_NVIC_EnableIRQ                     0x080018c8   Section        0  stm32f4xx_hal_cortex.o(i.HAL_NVIC_EnableIRQ)
    i.HAL_NVIC_SetPriority                   0x080018e0   Section        0  stm32f4xx_hal_cortex.o(i.HAL_NVIC_SetPriority)
    i.HAL_NVIC_SetPriorityGrouping           0x08001920   Section        0  stm32f4xx_hal_cortex.o(i.HAL_NVIC_SetPriorityGrouping)
    i.HAL_RCCEx_PeriphCLKConfig              0x08001944   Section        0  stm32f4xx_hal_rcc_ex.o(i.HAL_RCCEx_PeriphCLKConfig)
    i.HAL_RCC_ClockConfig                    0x08001a94   Section        0  stm32f4xx_hal_rcc.o(i.HAL_RCC_ClockConfig)
    i.HAL_RCC_GetHCLKFreq                    0x08001c10   Section        0  stm32f4xx_hal_rcc.o(i.HAL_RCC_GetHCLKFreq)
    i.HAL_RCC_GetSysClockFreq                0x08001c1c   Section        0  stm32f4xx_hal_rcc.o(i.HAL_RCC_GetSysClockFreq)
    i.HAL_RCC_OscConfig                      0x08001c8c   Section        0  stm32f4xx_hal_rcc.o(i.HAL_RCC_OscConfig)
    i.HAL_SPI_Init                           0x08001f70   Section        0  stm32f4xx_hal_spi.o(i.HAL_SPI_Init)
    i.HAL_SPI_MspInit                        0x08001ff0   Section        0  stm32f4xx_hal_msp.o(i.HAL_SPI_MspInit)
    i.HAL_SPI_Transmit                       0x08002050   Section        0  stm32f4xx_hal_spi.o(i.HAL_SPI_Transmit)
    i.HAL_SYSTICK_CLKSourceConfig            0x080021b8   Section        0  stm32f4xx_hal_cortex.o(i.HAL_SYSTICK_CLKSourceConfig)
    i.HAL_SYSTICK_Callback                   0x080021d0   Section        0  stm32f4xx_hal_cortex.o(i.HAL_SYSTICK_Callback)
    i.HAL_SYSTICK_Config                     0x080021d2   Section        0  stm32f4xx_hal_cortex.o(i.HAL_SYSTICK_Config)
    i.HAL_SYSTICK_IRQHandler                 0x080021fa   Section        0  stm32f4xx_hal_cortex.o(i.HAL_SYSTICK_IRQHandler)
    i.HAL_TIMEx_BreakCallback                0x08002202   Section        0  stm32f4xx_hal_tim_ex.o(i.HAL_TIMEx_BreakCallback)
    i.HAL_TIMEx_CommutationCallback          0x08002204   Section        0  stm32f4xx_hal_tim_ex.o(i.HAL_TIMEx_CommutationCallback)
    i.HAL_TIMEx_MasterConfigSynchronization  0x08002206   Section        0  stm32f4xx_hal_tim_ex.o(i.HAL_TIMEx_MasterConfigSynchronization)
    i.HAL_TIM_Base_Init                      0x08002256   Section        0  stm32f4xx_hal_tim.o(i.HAL_TIM_Base_Init)
    i.HAL_TIM_Base_MspInit                   0x0800228c   Section        0  stm32f4xx_hal_msp.o(i.HAL_TIM_Base_MspInit)
    i.HAL_TIM_IC_CaptureCallback             0x080022c8   Section        0  stm32f4xx_hal_tim.o(i.HAL_TIM_IC_CaptureCallback)
    i.HAL_TIM_IRQHandler                     0x080022ca   Section        0  stm32f4xx_hal_tim.o(i.HAL_TIM_IRQHandler)
    i.HAL_TIM_OC_DelayElapsedCallback        0x08002430   Section        0  stm32f4xx_hal_tim.o(i.HAL_TIM_OC_DelayElapsedCallback)
    i.HAL_TIM_PWM_PulseFinishedCallback      0x08002432   Section        0  stm32f4xx_hal_tim.o(i.HAL_TIM_PWM_PulseFinishedCallback)
    i.HAL_TIM_PeriodElapsedCallback          0x08002434   Section        0  stm32f4xx_hal_tim.o(i.HAL_TIM_PeriodElapsedCallback)
    i.HAL_TIM_TriggerCallback                0x08002436   Section        0  stm32f4xx_hal_tim.o(i.HAL_TIM_TriggerCallback)
    i.HardFault_Handler                      0x08002438   Section        0  stm32f4xx_it.o(i.HardFault_Handler)
    i.I2SEx_TransmitReceive_IT               0x0800243c   Section        0  stm32f4xx_hal_i2s_ex.o(i.I2SEx_TransmitReceive_IT)
    i.I2S_DMAError                           0x080025c4   Section        0  stm32f4xx_hal_i2s.o(i.I2S_DMAError)
    i.I2S_DMARxCplt                          0x080025e4   Section        0  stm32f4xx_hal_i2s_ex.o(i.I2S_DMARxCplt)
    i.I2S_DMARxHalfCplt                      0x0800265c   Section        0  stm32f4xx_hal_i2s.o(i.I2S_DMARxHalfCplt)
    i.I2S_DMATxCplt                          0x08002668   Section        0  stm32f4xx_hal_i2s_ex.o(i.I2S_DMATxCplt)
    i.I2S_DMATxHalfCplt                      0x080026e0   Section        0  stm32f4xx_hal_i2s.o(i.I2S_DMATxHalfCplt)
    i.I2S_GetInputClock                      0x080026ec   Section        0  stm32f4xx_hal_i2s_ex.o(i.I2S_GetInputClock)
    i.I2S_Receive_IT                         0x08002734   Section        0  stm32f4xx_hal_i2s.o(i.I2S_Receive_IT)
    i.I2S_Transmit_IT                        0x08002798   Section        0  stm32f4xx_hal_i2s.o(i.I2S_Transmit_IT)
    i.MX_GPIO_Init                           0x080027ec   Section        0  main.o(i.MX_GPIO_Init)
    MX_GPIO_Init                             0x080027ed   Thumb Code   448  main.o(i.MX_GPIO_Init)
    i.MX_I2S3_Init                           0x080029c8   Section        0  main.o(i.MX_I2S3_Init)
    MX_I2S3_Init                             0x080029c9   Thumb Code    48  main.o(i.MX_I2S3_Init)
    i.MX_SPI1_Init                           0x08002a04   Section        0  main.o(i.MX_SPI1_Init)
    MX_SPI1_Init                             0x08002a05   Thumb Code    64  main.o(i.MX_SPI1_Init)
    i.MemManage_Handler                      0x08002a4c   Section        0  stm32f4xx_it.o(i.MemManage_Handler)
    i.NMI_Handler                            0x08002a4e   Section        0  stm32f4xx_it.o(i.NMI_Handler)
    i.NVIC_SetPriority                       0x08002a50   Section        0  stm32f4xx_hal_cortex.o(i.NVIC_SetPriority)
    NVIC_SetPriority                         0x08002a51   Thumb Code    32  stm32f4xx_hal_cortex.o(i.NVIC_SetPriority)
    i.PendSV_Handler                         0x08002a70   Section        0  stm32f4xx_it.o(i.PendSV_Handler)
    i.SPI3_IRQHandler                        0x08002a74   Section        0  stm32f4xx_it.o(i.SPI3_IRQHandler)
    i.SPI_CheckFlag_BSY                      0x08002a80   Section        0  stm32f4xx_hal_spi.o(i.SPI_CheckFlag_BSY)
    SPI_CheckFlag_BSY                        0x08002a81   Thumb Code    32  stm32f4xx_hal_spi.o(i.SPI_CheckFlag_BSY)
    i.SPI_WaitFlagStateUntilTimeout          0x08002aa0   Section        0  stm32f4xx_hal_spi.o(i.SPI_WaitFlagStateUntilTimeout)
    SPI_WaitFlagStateUntilTimeout            0x08002aa1   Thumb Code   150  stm32f4xx_hal_spi.o(i.SPI_WaitFlagStateUntilTimeout)
    i.SVC_Handler                            0x08002b36   Section        0  stm32f4xx_it.o(i.SVC_Handler)
    i.SysTick_Handler                        0x08002b38   Section        0  stm32f4xx_it.o(i.SysTick_Handler)
    i.SystemClock_Config                     0x08002b48   Section        0  main.o(i.SystemClock_Config)
    i.SystemInit                             0x08002bf4   Section        0  system_stm32f4xx.o(i.SystemInit)
    i.TIM6_DAC_IRQHandler                    0x08002c48   Section        0  stm32f4xx_it.o(i.TIM6_DAC_IRQHandler)
    i.TIM_Base_SetConfig                     0x08002c8c   Section        0  stm32f4xx_hal_tim.o(i.TIM_Base_SetConfig)
    i.UsageFault_Handler                     0x08002d4c   Section        0  stm32f4xx_it.o(i.UsageFault_Handler)
    i.__scatterload_copy                     0x08002d4e   Section       14  handlers.o(i.__scatterload_copy)
    i.__scatterload_null                     0x08002d5c   Section        2  handlers.o(i.__scatterload_null)
    i.__scatterload_zeroinit                 0x08002d5e   Section       14  handlers.o(i.__scatterload_zeroinit)
    i.dma_tx_rx                              0x08002d6c   Section        0  codec.o(i.dma_tx_rx)
    i.led_secuencia                          0x08002f2c   Section        0  codec.o(i.led_secuencia)
    i.main                                   0x08002fcc   Section        0  main.o(i.main)
    .constdata                               0x080030f0   Section       16  stm32f4xx_hal_rcc.o(.constdata)
    .constdata                               0x08003100   Section        8  stm32f4xx_hal_dma.o(.constdata)
    flagBitshiftOffset                       0x08003100   Data           8  stm32f4xx_hal_dma.o(.constdata)
    .data                                    0x20000000   Section     4104  main.o(.data)
    .data                                    0x20001008   Section        4  main.o(.data)
    .data                                    0x2000100c   Section        4  main.o(.data)
    .data                                    0x20001010   Section      368  main.o(.data)
    .data                                    0x20001180   Section        1  main.o(.data)
    .data                                    0x20001184   Section        4  main.o(.data)
    .data                                    0x20001188   Section        1  stm32f4xx_it.o(.data)
    .data                                    0x20001189   Section        1  codec.o(.data)
    .data                                    0x2000118c   Section        8  codec.o(.data)
    led_count                                0x20001190   Data           4  codec.o(.data)
    .data                                    0x20001194   Section        4  system_stm32f4xx.o(.data)
    .data                                    0x20001198   Section        4  stm32f4xx_hal.o(.data)
    .bss                                     0x2000119c   Section    35032  main.o(.bss)
    .bss                                     0x20009a74   Section     2048  main.o(.bss)
    .bss                                     0x2000a274   Section     2048  main.o(.bss)
    .bss                                     0x2000aa74   Section     2048  main.o(.bss)
    .bss                                     0x2000b274   Section     2048  main.o(.bss)
    .bss                                     0x2000ba74   Section     2048  main.o(.bss)
    .bss                                     0x2000c274   Section     2412  main.o(.bss)
    .bss                                     0x2000cbe0   Section       12  main.o(.bss)
    .bss                                     0x2000cbec   Section       96  main.o(.bss)
    .bss                                     0x2000cc4c   Section       96  main.o(.bss)
    STACK                                    0x2000ccb0   Section     1024  startup_stm32f407xx.o(STACK)

    Global Symbols

    Symbol Name                              Value     Ov Type        Size  Object(Section)

    BuildAttributes$$THM_ISAv4$E$P$D$K$B$S$7EM$VFPi3$EXTD16$VFPS$VFMA$PE$A:L22UL41UL21$X:L11$S22US41US21$IEEE1$IW$USESV6$~STKCKD$USESV7$~SHL$OTIME$ROPI$IEEEX$EBA8$MICROLIB$REQ8$PRES8$EABIv2 0x00000000   Number         0  anon$$obj.o ABSOLUTE
    __ARM_use_no_argv                        0x00000000   Number         0  main.o ABSOLUTE
    __cpp_initialize__aeabi_                  - Undefined Weak Reference
    __cxa_finalize                            - Undefined Weak Reference
    _clock_init                               - Undefined Weak Reference
    _microlib_exit                            - Undefined Weak Reference
    __Vectors_Size                           0x00000188   Number         0  startup_stm32f407xx.o ABSOLUTE
    __Vectors                                0x08000000   Data           4  startup_stm32f407xx.o(RESET)
    __Vectors_End                            0x08000188   Data           0  startup_stm32f407xx.o(RESET)
    __main                                   0x08000189   Thumb Code     0  entry.o(.ARM.Collect$$$$00000000)
    _main_stk                                0x08000189   Thumb Code     0  entry2.o(.ARM.Collect$$$$00000001)
    _main_scatterload                        0x0800018d   Thumb Code     0  entry5.o(.ARM.Collect$$$$00000004)
    __main_after_scatterload                 0x08000191   Thumb Code     0  entry5.o(.ARM.Collect$$$$00000004)
    _main_clock                              0x08000191   Thumb Code     0  entry7b.o(.ARM.Collect$$$$00000008)
    _main_cpp_init                           0x08000191   Thumb Code     0  entry8b.o(.ARM.Collect$$$$0000000A)
    _main_init                               0x08000191   Thumb Code     0  entry9a.o(.ARM.Collect$$$$0000000B)
    __rt_final_cpp                           0x08000199   Thumb Code     0  entry10a.o(.ARM.Collect$$$$0000000D)
    __rt_final_exit                          0x08000199   Thumb Code     0  entry11a.o(.ARM.Collect$$$$0000000F)
    Reset_Handler                            0x0800019d   Thumb Code     8  startup_stm32f407xx.o(.text)
    ADC_IRQHandler                           0x080001b7   Thumb Code     0  startup_stm32f407xx.o(.text)
    CAN1_RX0_IRQHandler                      0x080001b7   Thumb Code     0  startup_stm32f407xx.o(.text)
    CAN1_RX1_IRQHandler                      0x080001b7   Thumb Code     0  startup_stm32f407xx.o(.text)
    CAN1_SCE_IRQHandler                      0x080001b7   Thumb Code     0  startup_stm32f407xx.o(.text)
    CAN1_TX_IRQHandler                       0x080001b7   Thumb Code     0  startup_stm32f407xx.o(.text)
    CAN2_RX0_IRQHandler                      0x080001b7   Thumb Code     0  startup_stm32f407xx.o(.text)
    CAN2_RX1_IRQHandler                      0x080001b7   Thumb Code     0  startup_stm32f407xx.o(.text)
    CAN2_SCE_IRQHandler                      0x080001b7   Thumb Code     0  startup_stm32f407xx.o(.text)
    CAN2_TX_IRQHandler                       0x080001b7   Thumb Code     0  startup_stm32f407xx.o(.text)
    DCMI_IRQHandler                          0x080001b7   Thumb Code     0  startup_stm32f407xx.o(.text)
    DMA1_Stream1_IRQHandler                  0x080001b7   Thumb Code     0  startup_stm32f407xx.o(.text)
    DMA1_Stream2_IRQHandler                  0x080001b7   Thumb Code     0  startup_stm32f407xx.o(.text)
    DMA1_Stream3_IRQHandler                  0x080001b7   Thumb Code     0  startup_stm32f407xx.o(.text)
    DMA1_Stream4_IRQHandler                  0x080001b7   Thumb Code     0  startup_stm32f407xx.o(.text)
    DMA1_Stream6_IRQHandler                  0x080001b7   Thumb Code     0  startup_stm32f407xx.o(.text)
    DMA1_Stream7_IRQHandler                  0x080001b7   Thumb Code     0  startup_stm32f407xx.o(.text)
    DMA2_Stream0_IRQHandler                  0x080001b7   Thumb Code     0  startup_stm32f407xx.o(.text)
    DMA2_Stream1_IRQHandler                  0x080001b7   Thumb Code     0  startup_stm32f407xx.o(.text)
    DMA2_Stream2_IRQHandler                  0x080001b7   Thumb Code     0  startup_stm32f407xx.o(.text)
    DMA2_Stream3_IRQHandler                  0x080001b7   Thumb Code     0  startup_stm32f407xx.o(.text)
    DMA2_Stream4_IRQHandler                  0x080001b7   Thumb Code     0  startup_stm32f407xx.o(.text)
    DMA2_Stream5_IRQHandler                  0x080001b7   Thumb Code     0  startup_stm32f407xx.o(.text)
    DMA2_Stream6_IRQHandler                  0x080001b7   Thumb Code     0  startup_stm32f407xx.o(.text)
    DMA2_Stream7_IRQHandler                  0x080001b7   Thumb Code     0  startup_stm32f407xx.o(.text)
    ETH_IRQHandler                           0x080001b7   Thumb Code     0  startup_stm32f407xx.o(.text)
    ETH_WKUP_IRQHandler                      0x080001b7   Thumb Code     0  startup_stm32f407xx.o(.text)
    EXTI0_IRQHandler                         0x080001b7   Thumb Code     0  startup_stm32f407xx.o(.text)
    EXTI15_10_IRQHandler                     0x080001b7   Thumb Code     0  startup_stm32f407xx.o(.text)
    EXTI1_IRQHandler                         0x080001b7   Thumb Code     0  startup_stm32f407xx.o(.text)
    EXTI2_IRQHandler                         0x080001b7   Thumb Code     0  startup_stm32f407xx.o(.text)
    EXTI3_IRQHandler                         0x080001b7   Thumb Code     0  startup_stm32f407xx.o(.text)
    EXTI4_IRQHandler                         0x080001b7   Thumb Code     0  startup_stm32f407xx.o(.text)
    EXTI9_5_IRQHandler                       0x080001b7   Thumb Code     0  startup_stm32f407xx.o(.text)
    FLASH_IRQHandler                         0x080001b7   Thumb Code     0  startup_stm32f407xx.o(.text)
    FMC_IRQHandler                           0x080001b7   Thumb Code     0  startup_stm32f407xx.o(.text)
    FPU_IRQHandler                           0x080001b7   Thumb Code     0  startup_stm32f407xx.o(.text)
    HASH_RNG_IRQHandler                      0x080001b7   Thumb Code     0  startup_stm32f407xx.o(.text)
    I2C1_ER_IRQHandler                       0x080001b7   Thumb Code     0  startup_stm32f407xx.o(.text)
    I2C1_EV_IRQHandler                       0x080001b7   Thumb Code     0  startup_stm32f407xx.o(.text)
    I2C2_ER_IRQHandler                       0x080001b7   Thumb Code     0  startup_stm32f407xx.o(.text)
    I2C2_EV_IRQHandler                       0x080001b7   Thumb Code     0  startup_stm32f407xx.o(.text)
    I2C3_ER_IRQHandler                       0x080001b7   Thumb Code     0  startup_stm32f407xx.o(.text)
    I2C3_EV_IRQHandler                       0x080001b7   Thumb Code     0  startup_stm32f407xx.o(.text)
    OTG_FS_IRQHandler                        0x080001b7   Thumb Code     0  startup_stm32f407xx.o(.text)
    OTG_FS_WKUP_IRQHandler                   0x080001b7   Thumb Code     0  startup_stm32f407xx.o(.text)
    OTG_HS_EP1_IN_IRQHandler                 0x080001b7   Thumb Code     0  startup_stm32f407xx.o(.text)
    OTG_HS_EP1_OUT_IRQHandler                0x080001b7   Thumb Code     0  startup_stm32f407xx.o(.text)
    OTG_HS_IRQHandler                        0x080001b7   Thumb Code     0  startup_stm32f407xx.o(.text)
    OTG_HS_WKUP_IRQHandler                   0x080001b7   Thumb Code     0  startup_stm32f407xx.o(.text)
    PVD_IRQHandler                           0x080001b7   Thumb Code     0  startup_stm32f407xx.o(.text)
    RCC_IRQHandler                           0x080001b7   Thumb Code     0  startup_stm32f407xx.o(.text)
    RTC_Alarm_IRQHandler                     0x080001b7   Thumb Code     0  startup_stm32f407xx.o(.text)
    RTC_WKUP_IRQHandler                      0x080001b7   Thumb Code     0  startup_stm32f407xx.o(.text)
    SDIO_IRQHandler                          0x080001b7   Thumb Code     0  startup_stm32f407xx.o(.text)
    SPI1_IRQHandler                          0x080001b7   Thumb Code     0  startup_stm32f407xx.o(.text)
    SPI2_IRQHandler                          0x080001b7   Thumb Code     0  startup_stm32f407xx.o(.text)
    TAMP_STAMP_IRQHandler                    0x080001b7   Thumb Code     0  startup_stm32f407xx.o(.text)
    TIM1_BRK_TIM9_IRQHandler                 0x080001b7   Thumb Code     0  startup_stm32f407xx.o(.text)
    TIM1_CC_IRQHandler                       0x080001b7   Thumb Code     0  startup_stm32f407xx.o(.text)
    TIM1_TRG_COM_TIM11_IRQHandler            0x080001b7   Thumb Code     0  startup_stm32f407xx.o(.text)
    TIM1_UP_TIM10_IRQHandler                 0x080001b7   Thumb Code     0  startup_stm32f407xx.o(.text)
    TIM2_IRQHandler                          0x080001b7   Thumb Code     0  startup_stm32f407xx.o(.text)
    TIM3_IRQHandler                          0x080001b7   Thumb Code     0  startup_stm32f407xx.o(.text)
    TIM4_IRQHandler                          0x080001b7   Thumb Code     0  startup_stm32f407xx.o(.text)
    TIM5_IRQHandler                          0x080001b7   Thumb Code     0  startup_stm32f407xx.o(.text)
    TIM7_IRQHandler                          0x080001b7   Thumb Code     0  startup_stm32f407xx.o(.text)
    TIM8_BRK_TIM12_IRQHandler                0x080001b7   Thumb Code     0  startup_stm32f407xx.o(.text)
    TIM8_CC_IRQHandler                       0x080001b7   Thumb Code     0  startup_stm32f407xx.o(.text)
    TIM8_TRG_COM_TIM14_IRQHandler            0x080001b7   Thumb Code     0  startup_stm32f407xx.o(.text)
    TIM8_UP_TIM13_IRQHandler                 0x080001b7   Thumb Code     0  startup_stm32f407xx.o(.text)
    UART4_IRQHandler                         0x080001b7   Thumb Code     0  startup_stm32f407xx.o(.text)
    UART5_IRQHandler                         0x080001b7   Thumb Code     0  startup_stm32f407xx.o(.text)
    USART1_IRQHandler                        0x080001b7   Thumb Code     0  startup_stm32f407xx.o(.text)
    USART2_IRQHandler                        0x080001b7   Thumb Code     0  startup_stm32f407xx.o(.text)
    USART3_IRQHandler                        0x080001b7   Thumb Code     0  startup_stm32f407xx.o(.text)
    USART6_IRQHandler                        0x080001b7   Thumb Code     0  startup_stm32f407xx.o(.text)
    WWDG_IRQHandler                          0x080001b7   Thumb Code     0  startup_stm32f407xx.o(.text)
    arm_abs_f32                              0x080001c1   Thumb Code   164  arm_abs_f32.o(.text)
    arm_add_f32                              0x08000265   Thumb Code   210  arm_add_f32.o(.text)
    arm_mult_f32                             0x08000339   Thumb Code   210  arm_mult_f32.o(.text)
    arm_scale_f32                            0x0800040d   Thumb Code   152  arm_scale_f32.o(.text)
    arm_sub_f32                              0x080004a5   Thumb Code   210  arm_sub_f32.o(.text)
    arm_fir_init_f32                         0x08000577   Thumb Code    28  arm_fir_init_f32.o(.text)
    arm_max_f32                              0x08000595   Thumb Code   216  arm_max_f32.o(.text)
    arm_float_to_q31                         0x0800066d   Thumb Code   404  arm_float_to_q31.o(.text)
    __aeabi_memset                           0x08000805   Thumb Code    14  memseta.o(.text)
    __aeabi_memset4                          0x08000805   Thumb Code     0  memseta.o(.text)
    __aeabi_memset8                          0x08000805   Thumb Code     0  memseta.o(.text)
    __aeabi_memclr                           0x08000813   Thumb Code     4  memseta.o(.text)
    __aeabi_memclr4                          0x08000813   Thumb Code     0  memseta.o(.text)
    __aeabi_memclr8                          0x08000813   Thumb Code     0  memseta.o(.text)
    _memset$wrapper                          0x08000817   Thumb Code    18  memseta.o(.text)
    __aeabi_f2lz                             0x08000829   Thumb Code    66  ffixl.o(.text)
    __aeabi_llsl                             0x0800086b   Thumb Code    30  llshl.o(.text)
    _ll_shift_l                              0x0800086b   Thumb Code     0  llshl.o(.text)
    __I$use$fp                               0x08000889   Thumb Code     0  iusefp.o(.text)
    __scatterload                            0x08000889   Thumb Code    28  init.o(.text)
    __scatterload_rt2                        0x08000889   Thumb Code     0  init.o(.text)
    __decompress                             0x080008ad   Thumb Code     0  __dclz77c.o(.text)
    __decompress2                            0x080008ad   Thumb Code    94  __dclz77c.o(.text)
    AK4621EF_init                            0x0800090d   Thumb Code   660  codec.o(i.AK4621EF_init)
    BusFault_Handler                         0x08000bb5   Thumb Code     2  stm32f4xx_it.o(i.BusFault_Handler)
    DMA1_Stream0_IRQHandler                  0x08000bb9   Thumb Code     6  stm32f4xx_it.o(i.DMA1_Stream0_IRQHandler)
    DMA1_Stream5_IRQHandler                  0x08000bc5   Thumb Code     6  stm32f4xx_it.o(i.DMA1_Stream5_IRQHandler)
    DebugMon_Handler                         0x08000c75   Thumb Code     2  stm32f4xx_it.o(i.DebugMon_Handler)
    Error_Handler                            0x08000c79   Thumb Code    26  main.o(i.Error_Handler)
    HAL_DMA_IRQHandler                       0x08000c99   Thumb Code   414  stm32f4xx_hal_dma.o(i.HAL_DMA_IRQHandler)
    HAL_DMA_Init                             0x08000e41   Thumb Code   202  stm32f4xx_hal_dma.o(i.HAL_DMA_Init)
    HAL_DMA_Start_IT                         0x08000f11   Thumb Code   120  stm32f4xx_hal_dma.o(i.HAL_DMA_Start_IT)
    HAL_GPIO_Init                            0x08000f89   Thumb Code   388  stm32f4xx_hal_gpio.o(i.HAL_GPIO_Init)
    HAL_GPIO_WritePin                        0x08001139   Thumb Code    10  stm32f4xx_hal_gpio.o(i.HAL_GPIO_WritePin)
    HAL_GetTick                              0x08001145   Thumb Code     6  stm32f4xx_hal.o(i.HAL_GetTick)
    HAL_I2SEx_TransmitReceive_DMA            0x08001151   Thumb Code   430  stm32f4xx_hal_i2s_ex.o(i.HAL_I2SEx_TransmitReceive_DMA)
    HAL_I2S_ErrorCallback                    0x0800131d   Thumb Code     2  stm32f4xx_hal_i2s.o(i.HAL_I2S_ErrorCallback)
    HAL_I2S_IRQHandler                       0x08001321   Thumb Code   494  stm32f4xx_hal_i2s_ex.o(i.HAL_I2S_IRQHandler)
    HAL_I2S_Init                             0x08001519   Thumb Code   346  stm32f4xx_hal_i2s_ex.o(i.HAL_I2S_Init)
    HAL_I2S_MspInit                          0x0800167d   Thumb Code   246  stm32f4xx_hal_msp.o(i.HAL_I2S_MspInit)
    HAL_I2S_RxCpltCallback                   0x08001791   Thumb Code    32  codec.o(i.HAL_I2S_RxCpltCallback)
    HAL_I2S_RxHalfCpltCallback               0x080017c9   Thumb Code    32  codec.o(i.HAL_I2S_RxHalfCpltCallback)
    HAL_I2S_TxCpltCallback                   0x08001801   Thumb Code     2  codec.o(i.HAL_I2S_TxCpltCallback)
    HAL_I2S_TxHalfCpltCallback               0x08001803   Thumb Code     2  codec.o(i.HAL_I2S_TxHalfCpltCallback)
    HAL_IncTick                              0x08001805   Thumb Code    10  stm32f4xx_hal.o(i.HAL_IncTick)
    HAL_Init                                 0x08001815   Thumb Code    48  stm32f4xx_hal.o(i.HAL_Init)
    HAL_InitTick                             0x08001849   Thumb Code    34  stm32f4xx_hal.o(i.HAL_InitTick)
    HAL_MspInit                              0x08001871   Thumb Code    88  stm32f4xx_hal_msp.o(i.HAL_MspInit)
    HAL_NVIC_EnableIRQ                       0x080018c9   Thumb Code    22  stm32f4xx_hal_cortex.o(i.HAL_NVIC_EnableIRQ)
    HAL_NVIC_SetPriority                     0x080018e1   Thumb Code    60  stm32f4xx_hal_cortex.o(i.HAL_NVIC_SetPriority)
    HAL_NVIC_SetPriorityGrouping             0x08001921   Thumb Code    26  stm32f4xx_hal_cortex.o(i.HAL_NVIC_SetPriorityGrouping)
    HAL_RCCEx_PeriphCLKConfig                0x08001945   Thumb Code   316  stm32f4xx_hal_rcc_ex.o(i.HAL_RCCEx_PeriphCLKConfig)
    HAL_RCC_ClockConfig                      0x08001a95   Thumb Code   364  stm32f4xx_hal_rcc.o(i.HAL_RCC_ClockConfig)
    HAL_RCC_GetHCLKFreq                      0x08001c11   Thumb Code     6  stm32f4xx_hal_rcc.o(i.HAL_RCC_GetHCLKFreq)
    HAL_RCC_GetSysClockFreq                  0x08001c1d   Thumb Code   104  stm32f4xx_hal_rcc.o(i.HAL_RCC_GetSysClockFreq)
    HAL_RCC_OscConfig                        0x08001c8d   Thumb Code   722  stm32f4xx_hal_rcc.o(i.HAL_RCC_OscConfig)
    HAL_SPI_Init                             0x08001f71   Thumb Code   128  stm32f4xx_hal_spi.o(i.HAL_SPI_Init)
    HAL_SPI_MspInit                          0x08001ff1   Thumb Code    84  stm32f4xx_hal_msp.o(i.HAL_SPI_MspInit)
    HAL_SPI_Transmit                         0x08002051   Thumb Code   360  stm32f4xx_hal_spi.o(i.HAL_SPI_Transmit)
    HAL_SYSTICK_CLKSourceConfig              0x080021b9   Thumb Code    24  stm32f4xx_hal_cortex.o(i.HAL_SYSTICK_CLKSourceConfig)
    HAL_SYSTICK_Callback                     0x080021d1   Thumb Code     2  stm32f4xx_hal_cortex.o(i.HAL_SYSTICK_Callback)
    HAL_SYSTICK_Config                       0x080021d3   Thumb Code    40  stm32f4xx_hal_cortex.o(i.HAL_SYSTICK_Config)
    HAL_SYSTICK_IRQHandler                   0x080021fb   Thumb Code     8  stm32f4xx_hal_cortex.o(i.HAL_SYSTICK_IRQHandler)
    HAL_TIMEx_BreakCallback                  0x08002203   Thumb Code     2  stm32f4xx_hal_tim_ex.o(i.HAL_TIMEx_BreakCallback)
    HAL_TIMEx_CommutationCallback            0x08002205   Thumb Code     2  stm32f4xx_hal_tim_ex.o(i.HAL_TIMEx_CommutationCallback)
    HAL_TIMEx_MasterConfigSynchronization    0x08002207   Thumb Code    80  stm32f4xx_hal_tim_ex.o(i.HAL_TIMEx_MasterConfigSynchronization)
    HAL_TIM_Base_Init                        0x08002257   Thumb Code    54  stm32f4xx_hal_tim.o(i.HAL_TIM_Base_Init)
    HAL_TIM_Base_MspInit                     0x0800228d   Thumb Code    50  stm32f4xx_hal_msp.o(i.HAL_TIM_Base_MspInit)
    HAL_TIM_IC_CaptureCallback               0x080022c9   Thumb Code     2  stm32f4xx_hal_tim.o(i.HAL_TIM_IC_CaptureCallback)
    HAL_TIM_IRQHandler                       0x080022cb   Thumb Code   358  stm32f4xx_hal_tim.o(i.HAL_TIM_IRQHandler)
    HAL_TIM_OC_DelayElapsedCallback          0x08002431   Thumb Code     2  stm32f4xx_hal_tim.o(i.HAL_TIM_OC_DelayElapsedCallback)
    HAL_TIM_PWM_PulseFinishedCallback        0x08002433   Thumb Code     2  stm32f4xx_hal_tim.o(i.HAL_TIM_PWM_PulseFinishedCallback)
    HAL_TIM_PeriodElapsedCallback            0x08002435   Thumb Code     2  stm32f4xx_hal_tim.o(i.HAL_TIM_PeriodElapsedCallback)
    HAL_TIM_TriggerCallback                  0x08002437   Thumb Code     2  stm32f4xx_hal_tim.o(i.HAL_TIM_TriggerCallback)
    HardFault_Handler                        0x08002439   Thumb Code     2  stm32f4xx_it.o(i.HardFault_Handler)
    I2SEx_TransmitReceive_IT                 0x0800243d   Thumb Code   384  stm32f4xx_hal_i2s_ex.o(i.I2SEx_TransmitReceive_IT)
    I2S_DMAError                             0x080025c5   Thumb Code    30  stm32f4xx_hal_i2s.o(i.I2S_DMAError)
    I2S_DMARxCplt                            0x080025e5   Thumb Code   110  stm32f4xx_hal_i2s_ex.o(i.I2S_DMARxCplt)
    I2S_DMARxHalfCplt                        0x0800265d   Thumb Code    10  stm32f4xx_hal_i2s.o(i.I2S_DMARxHalfCplt)
    I2S_DMATxCplt                            0x08002669   Thumb Code   112  stm32f4xx_hal_i2s_ex.o(i.I2S_DMATxCplt)
    I2S_DMATxHalfCplt                        0x080026e1   Thumb Code    10  stm32f4xx_hal_i2s.o(i.I2S_DMATxHalfCplt)
    I2S_GetInputClock                        0x080026ed   Thumb Code    60  stm32f4xx_hal_i2s_ex.o(i.I2S_GetInputClock)
    I2S_Receive_IT                           0x08002735   Thumb Code   100  stm32f4xx_hal_i2s.o(i.I2S_Receive_IT)
    I2S_Transmit_IT                          0x08002799   Thumb Code    84  stm32f4xx_hal_i2s.o(i.I2S_Transmit_IT)
    MemManage_Handler                        0x08002a4d   Thumb Code     2  stm32f4xx_it.o(i.MemManage_Handler)
    NMI_Handler                              0x08002a4f   Thumb Code     2  stm32f4xx_it.o(i.NMI_Handler)
    PendSV_Handler                           0x08002a71   Thumb Code     2  stm32f4xx_it.o(i.PendSV_Handler)
    SPI3_IRQHandler                          0x08002a75   Thumb Code     6  stm32f4xx_it.o(i.SPI3_IRQHandler)
    SVC_Handler                              0x08002b37   Thumb Code     2  stm32f4xx_it.o(i.SVC_Handler)
    SysTick_Handler                          0x08002b39   Thumb Code    14  stm32f4xx_it.o(i.SysTick_Handler)
    SystemClock_Config                       0x08002b49   Thumb Code   164  main.o(i.SystemClock_Config)
    SystemInit                               0x08002bf5   Thumb Code    66  system_stm32f4xx.o(i.SystemInit)
    TIM6_DAC_IRQHandler                      0x08002c49   Thumb Code    52  stm32f4xx_it.o(i.TIM6_DAC_IRQHandler)
    TIM_Base_SetConfig                       0x08002c8d   Thumb Code   148  stm32f4xx_hal_tim.o(i.TIM_Base_SetConfig)
    UsageFault_Handler                       0x08002d4d   Thumb Code     2  stm32f4xx_it.o(i.UsageFault_Handler)
    __scatterload_copy                       0x08002d4f   Thumb Code    14  handlers.o(i.__scatterload_copy)
    __scatterload_null                       0x08002d5d   Thumb Code     2  handlers.o(i.__scatterload_null)
    __scatterload_zeroinit                   0x08002d5f   Thumb Code    14  handlers.o(i.__scatterload_zeroinit)
    dma_tx_rx                                0x08002d6d   Thumb Code   388  codec.o(i.dma_tx_rx)
    led_secuencia                            0x08002f2d   Thumb Code   142  codec.o(i.led_secuencia)
    main                                     0x08002fcd   Thumb Code   254  main.o(i.main)
    APBAHBPrescTable                         0x080030f0   Data          16  stm32f4xx_hal_rcc.o(.constdata)
    Region$$Table$$Base                      0x08003108   Number         0  anon$$obj.o(Region$$Table)
    Region$$Table$$Limit                     0x08003128   Number         0  anon$$obj.o(Region$$Table)
    toggle_buffer                            0x20000000   Data           1  main.o(.data)
    buffer_tx_aux                            0x20000004   Data           4  main.o(.data)
    piloto19k                                0x20000008   Data        2048  main.o(.data)
    piloto38k                                0x20000808   Data        2048  main.o(.data)
    canal_L                                  0x20001008   Data           4  main.o(.data)
    canal_R                                  0x2000100c   Data           4  main.o(.data)
    lowpassfilter                            0x20001010   Data         368  main.o(.data)
    CANAL                                    0x20001180   Data           1  main.o(.data)
    buffer_rx_aux                            0x20001184   Data           4  main.o(.data)
    bit_toggle                               0x20001188   Data           1  stm32f4xx_it.o(.data)
    bit_counter                              0x20001189   Data           1  codec.o(.data)
    transmission_ready                       0x2000118c   Data           1  codec.o(.data)
    SystemCoreClock                          0x20001194   Data           4  system_stm32f4xx.o(.data)
    uwTick                                   0x20001198   Data           4  stm32f4xx_hal.o(.data)
    buffer_rx                                0x2000119c   Data       16384  main.o(.bss)
    buffer_tx                                0x2000519c   Data       16384  main.o(.bss)
    suma                                     0x2000919c   Data        2048  main.o(.bss)
    hi2s3                                    0x2000999c   Data          68  main.o(.bss)
    hspi1                                    0x200099e0   Data          88  main.o(.bss)
    htim6                                    0x20009a38   Data          60  main.o(.bss)
    canal_L_q                                0x20009a74   Data        2048  main.o(.bss)
    canal_R_q                                0x2000a274   Data        2048  main.o(.bss)
    resta                                    0x2000aa74   Data        2048  main.o(.bss)
    mpx                                      0x2000b274   Data        2048  main.o(.bss)
    mpx_q                                    0x2000ba74   Data        2048  main.o(.bss)
    pState                                   0x2000c274   Data        2412  main.o(.bss)
    lowpass                                  0x2000cbe0   Data          12  main.o(.bss)
    hdma_spi3_tx                             0x2000cbec   Data          96  main.o(.bss)
    hdma_i2s3_ext_rx                         0x2000cc4c   Data          96  main.o(.bss)
    __initial_sp                             0x2000d0b0   Data           0  startup_stm32f407xx.o(STACK)



==============================================================================

Memory Map of the image

  Image Entry point : 0x08000189

  Load Region LR_IROM1 (Base: 0x08000000, Size: 0x000042c4, Max: 0x00100000, ABSOLUTE, COMPRESSED[0x00003c1c])

    Execution Region ER_IROM1 (Base: 0x08000000, Size: 0x00003128, Max: 0x00100000, ABSOLUTE)

    Base Addr    Size         Type   Attr      Idx    E Section Name        Object

    0x08000000   0x00000188   Data   RO            3    RESET               startup_stm32f407xx.o
    0x08000188   0x00000000   Code   RO         3109  * .ARM.Collect$$$$00000000  mc_w.l(entry.o)
    0x08000188   0x00000004   Code   RO         3116    .ARM.Collect$$$$00000001  mc_w.l(entry2.o)
    0x0800018c   0x00000004   Code   RO         3119    .ARM.Collect$$$$00000004  mc_w.l(entry5.o)
    0x08000190   0x00000000   Code   RO         3121    .ARM.Collect$$$$00000008  mc_w.l(entry7b.o)
    0x08000190   0x00000000   Code   RO         3123    .ARM.Collect$$$$0000000A  mc_w.l(entry8b.o)
    0x08000190   0x00000008   Code   RO         3124    .ARM.Collect$$$$0000000B  mc_w.l(entry9a.o)
    0x08000198   0x00000000   Code   RO         3126    .ARM.Collect$$$$0000000D  mc_w.l(entry10a.o)
    0x08000198   0x00000000   Code   RO         3128    .ARM.Collect$$$$0000000F  mc_w.l(entry11a.o)
    0x08000198   0x00000004   Code   RO         3117    .ARM.Collect$$$$00002712  mc_w.l(entry2.o)
    0x0800019c   0x00000024   Code   RO            4    .text               startup_stm32f407xx.o
    0x080001c0   0x000000a4   Code   RO         2892    .text               arm_cortexM4lf_math.lib(arm_abs_f32.o)
    0x08000264   0x000000d2   Code   RO         2944    .text               arm_cortexM4lf_math.lib(arm_add_f32.o)
    0x08000336   0x00000002   PAD
    0x08000338   0x000000d2   Code   RO         2968    .text               arm_cortexM4lf_math.lib(arm_mult_f32.o)
    0x0800040a   0x00000002   PAD
    0x0800040c   0x00000098   Code   RO         2992    .text               arm_cortexM4lf_math.lib(arm_scale_f32.o)
    0x080004a4   0x000000d2   Code   RO         3016    .text               arm_cortexM4lf_math.lib(arm_sub_f32.o)
    0x08000576   0x0000001c   Code   RO         3040    .text               arm_cortexM4lf_math.lib(arm_fir_init_f32.o)
    0x08000592   0x00000002   PAD
    0x08000594   0x000000d8   Code   RO         3064    .text               arm_cortexM4lf_math.lib(arm_max_f32.o)
    0x0800066c   0x00000198   Code   RO         3088    .text               arm_cortexM4lf_math.lib(arm_float_to_q31.o)
    0x08000804   0x00000024   Code   RO         3112    .text               mc_w.l(memseta.o)
    0x08000828   0x00000042   Code   RO         3114    .text               mf_w.l(ffixl.o)
    0x0800086a   0x0000001e   Code   RO         3130    .text               mc_w.l(llshl.o)
    0x08000888   0x00000000   Code   RO         3132    .text               mc_w.l(iusefp.o)
    0x08000888   0x00000024   Code   RO         3133    .text               mc_w.l(init.o)
    0x080008ac   0x0000005e   Code   RO         3143    .text               mc_w.l(__dclz77c.o)
    0x0800090a   0x00000002   PAD
    0x0800090c   0x000002a8   Code   RO          364    i.AK4621EF_init     codec.o
    0x08000bb4   0x00000002   Code   RO          200    i.BusFault_Handler  stm32f4xx_it.o
    0x08000bb6   0x00000002   PAD
    0x08000bb8   0x0000000c   Code   RO          201    i.DMA1_Stream0_IRQHandler  stm32f4xx_it.o
    0x08000bc4   0x0000000c   Code   RO          202    i.DMA1_Stream5_IRQHandler  stm32f4xx_it.o
    0x08000bd0   0x00000028   Code   RO         2114    i.DMA_CalcBaseAndBitshift  stm32f4xx_hal_dma.o
    0x08000bf8   0x00000054   Code   RO         2115    i.DMA_CheckFifoParam  stm32f4xx_hal_dma.o
    0x08000c4c   0x00000028   Code   RO         2116    i.DMA_SetConfig     stm32f4xx_hal_dma.o
    0x08000c74   0x00000002   Code   RO          203    i.DebugMon_Handler  stm32f4xx_it.o
    0x08000c76   0x00000002   PAD
    0x08000c78   0x00000020   Code   RO           13    i.Error_Handler     main.o
    0x08000c98   0x000001a8   Code   RO         2122    i.HAL_DMA_IRQHandler  stm32f4xx_hal_dma.o
    0x08000e40   0x000000d0   Code   RO         2123    i.HAL_DMA_Init      stm32f4xx_hal_dma.o
    0x08000f10   0x00000078   Code   RO         2127    i.HAL_DMA_Start_IT  stm32f4xx_hal_dma.o
    0x08000f88   0x000001b0   Code   RO          482    i.HAL_GPIO_Init     stm32f4xx_hal_gpio.o
    0x08001138   0x0000000a   Code   RO          486    i.HAL_GPIO_WritePin  stm32f4xx_hal_gpio.o
    0x08001142   0x00000002   PAD
    0x08001144   0x0000000c   Code   RO         1330    i.HAL_GetTick       stm32f4xx_hal.o
    0x08001150   0x000001cc   Code   RO         2344    i.HAL_I2SEx_TransmitReceive_DMA  stm32f4xx_hal_i2s_ex.o
    0x0800131c   0x00000002   Code   RO         2437    i.HAL_I2S_ErrorCallback  stm32f4xx_hal_i2s.o
    0x0800131e   0x00000002   PAD
    0x08001320   0x000001f8   Code   RO         2349    i.HAL_I2S_IRQHandler  stm32f4xx_hal_i2s_ex.o
    0x08001518   0x00000164   Code   RO         2350    i.HAL_I2S_Init      stm32f4xx_hal_i2s_ex.o
    0x0800167c   0x00000114   Code   RO          304    i.HAL_I2S_MspInit   stm32f4xx_hal_msp.o
    0x08001790   0x00000038   Code   RO          366    i.HAL_I2S_RxCpltCallback  codec.o
    0x080017c8   0x00000038   Code   RO          367    i.HAL_I2S_RxHalfCpltCallback  codec.o
    0x08001800   0x00000002   Code   RO          368    i.HAL_I2S_TxCpltCallback  codec.o
    0x08001802   0x00000002   Code   RO          369    i.HAL_I2S_TxHalfCpltCallback  codec.o
    0x08001804   0x00000010   Code   RO         1331    i.HAL_IncTick       stm32f4xx_hal.o
    0x08001814   0x00000034   Code   RO         1332    i.HAL_Init          stm32f4xx_hal.o
    0x08001848   0x00000028   Code   RO         1333    i.HAL_InitTick      stm32f4xx_hal.o
    0x08001870   0x00000058   Code   RO          305    i.HAL_MspInit       stm32f4xx_hal_msp.o
    0x080018c8   0x00000016   Code   RO         2223    i.HAL_NVIC_EnableIRQ  stm32f4xx_hal_cortex.o
    0x080018de   0x00000002   PAD
    0x080018e0   0x00000040   Code   RO         2229    i.HAL_NVIC_SetPriority  stm32f4xx_hal_cortex.o
    0x08001920   0x00000024   Code   RO         2230    i.HAL_NVIC_SetPriorityGrouping  stm32f4xx_hal_cortex.o
    0x08001944   0x00000150   Code   RO          546    i.HAL_RCCEx_PeriphCLKConfig  stm32f4xx_hal_rcc_ex.o
    0x08001a94   0x0000017c   Code   RO         1213    i.HAL_RCC_ClockConfig  stm32f4xx_hal_rcc.o
    0x08001c10   0x0000000c   Code   RO         1218    i.HAL_RCC_GetHCLKFreq  stm32f4xx_hal_rcc.o
    0x08001c1c   0x00000070   Code   RO         1222    i.HAL_RCC_GetSysClockFreq  stm32f4xx_hal_rcc.o
    0x08001c8c   0x000002e4   Code   RO         1225    i.HAL_RCC_OscConfig  stm32f4xx_hal_rcc.o
    0x08001f70   0x00000080   Code   RO         2621    i.HAL_SPI_Init      stm32f4xx_hal_spi.o
    0x08001ff0   0x00000060   Code   RO          307    i.HAL_SPI_MspInit   stm32f4xx_hal_msp.o
    0x08002050   0x00000168   Code   RO         2629    i.HAL_SPI_Transmit  stm32f4xx_hal_spi.o
    0x080021b8   0x00000018   Code   RO         2232    i.HAL_SYSTICK_CLKSourceConfig  stm32f4xx_hal_cortex.o
    0x080021d0   0x00000002   Code   RO         2233    i.HAL_SYSTICK_Callback  stm32f4xx_hal_cortex.o
    0x080021d2   0x00000028   Code   RO         2234    i.HAL_SYSTICK_Config  stm32f4xx_hal_cortex.o
    0x080021fa   0x00000008   Code   RO         2235    i.HAL_SYSTICK_IRQHandler  stm32f4xx_hal_cortex.o
    0x08002202   0x00000002   Code   RO         1875    i.HAL_TIMEx_BreakCallback  stm32f4xx_hal_tim_ex.o
    0x08002204   0x00000002   Code   RO         1876    i.HAL_TIMEx_CommutationCallback  stm32f4xx_hal_tim_ex.o
    0x08002206   0x00000050   Code   RO         1892    i.HAL_TIMEx_MasterConfigSynchronization  stm32f4xx_hal_tim_ex.o
    0x08002256   0x00000036   Code   RO          583    i.HAL_TIM_Base_Init  stm32f4xx_hal_tim.o
    0x0800228c   0x0000003c   Code   RO          309    i.HAL_TIM_Base_MspInit  stm32f4xx_hal_msp.o
    0x080022c8   0x00000002   Code   RO          612    i.HAL_TIM_IC_CaptureCallback  stm32f4xx_hal_tim.o
    0x080022ca   0x00000166   Code   RO          625    i.HAL_TIM_IRQHandler  stm32f4xx_hal_tim.o
    0x08002430   0x00000002   Code   RO          628    i.HAL_TIM_OC_DelayElapsedCallback  stm32f4xx_hal_tim.o
    0x08002432   0x00000002   Code   RO          655    i.HAL_TIM_PWM_PulseFinishedCallback  stm32f4xx_hal_tim.o
    0x08002434   0x00000002   Code   RO          662    i.HAL_TIM_PeriodElapsedCallback  stm32f4xx_hal_tim.o
    0x08002436   0x00000002   Code   RO          666    i.HAL_TIM_TriggerCallback  stm32f4xx_hal_tim.o
    0x08002438   0x00000002   Code   RO          204    i.HardFault_Handler  stm32f4xx_it.o
    0x0800243a   0x00000002   PAD
    0x0800243c   0x00000188   Code   RO         2351    i.I2SEx_TransmitReceive_IT  stm32f4xx_hal_i2s_ex.o
    0x080025c4   0x0000001e   Code   RO         2454    i.I2S_DMAError      stm32f4xx_hal_i2s.o
    0x080025e2   0x00000002   PAD
    0x080025e4   0x00000078   Code   RO         2352    i.I2S_DMARxCplt     stm32f4xx_hal_i2s_ex.o
    0x0800265c   0x0000000a   Code   RO         2455    i.I2S_DMARxHalfCplt  stm32f4xx_hal_i2s.o
    0x08002666   0x00000002   PAD
    0x08002668   0x00000078   Code   RO         2353    i.I2S_DMATxCplt     stm32f4xx_hal_i2s_ex.o
    0x080026e0   0x0000000a   Code   RO         2456    i.I2S_DMATxHalfCplt  stm32f4xx_hal_i2s.o
    0x080026ea   0x00000002   PAD
    0x080026ec   0x00000048   Code   RO         2354    i.I2S_GetInputClock  stm32f4xx_hal_i2s_ex.o
    0x08002734   0x00000064   Code   RO         2457    i.I2S_Receive_IT    stm32f4xx_hal_i2s.o
    0x08002798   0x00000054   Code   RO         2458    i.I2S_Transmit_IT   stm32f4xx_hal_i2s.o
    0x080027ec   0x000001dc   Code   RO           14    i.MX_GPIO_Init      main.o
    0x080029c8   0x0000003c   Code   RO           15    i.MX_I2S3_Init      main.o
    0x08002a04   0x00000048   Code   RO           16    i.MX_SPI1_Init      main.o
    0x08002a4c   0x00000002   Code   RO          205    i.MemManage_Handler  stm32f4xx_it.o
    0x08002a4e   0x00000002   Code   RO          206    i.NMI_Handler       stm32f4xx_it.o
    0x08002a50   0x00000020   Code   RO         2236    i.NVIC_SetPriority  stm32f4xx_hal_cortex.o
    0x08002a70   0x00000002   Code   RO          207    i.PendSV_Handler    stm32f4xx_it.o
    0x08002a72   0x00000002   PAD
    0x08002a74   0x0000000c   Code   RO          208    i.SPI3_IRQHandler   stm32f4xx_it.o
    0x08002a80   0x00000020   Code   RO         2643    i.SPI_CheckFlag_BSY  stm32f4xx_hal_spi.o
    0x08002aa0   0x00000096   Code   RO         2659    i.SPI_WaitFlagStateUntilTimeout  stm32f4xx_hal_spi.o
    0x08002b36   0x00000002   Code   RO          209    i.SVC_Handler       stm32f4xx_it.o
    0x08002b38   0x0000000e   Code   RO          210    i.SysTick_Handler   stm32f4xx_it.o
    0x08002b46   0x00000002   PAD
    0x08002b48   0x000000ac   Code   RO           17    i.SystemClock_Config  main.o
    0x08002bf4   0x00000054   Code   RO          443    i.SystemInit        system_stm32f4xx.o
    0x08002c48   0x00000044   Code   RO          211    i.TIM6_DAC_IRQHandler  stm32f4xx_it.o
    0x08002c8c   0x000000c0   Code   RO          667    i.TIM_Base_SetConfig  stm32f4xx_hal_tim.o
    0x08002d4c   0x00000002   Code   RO          212    i.UsageFault_Handler  stm32f4xx_it.o
    0x08002d4e   0x0000000e   Code   RO         3137    i.__scatterload_copy  mc_w.l(handlers.o)
    0x08002d5c   0x00000002   Code   RO         3138    i.__scatterload_null  mc_w.l(handlers.o)
    0x08002d5e   0x0000000e   Code   RO         3139    i.__scatterload_zeroinit  mc_w.l(handlers.o)
    0x08002d6c   0x000001c0   Code   RO          370    i.dma_tx_rx         codec.o
    0x08002f2c   0x000000a0   Code   RO          371    i.led_secuencia     codec.o
    0x08002fcc   0x00000124   Code   RO           18    i.main              main.o
    0x080030f0   0x00000010   Data   RO         1226    .constdata          stm32f4xx_hal_rcc.o
    0x08003100   0x00000008   Data   RO         2129    .constdata          stm32f4xx_hal_dma.o
    0x08003108   0x00000020   Data   RO         3135    Region$$Table       anon$$obj.o


    Execution Region RW_IRAM1 (Base: 0x20000000, Size: 0x0000d0b0, Max: 0x00020000, ABSOLUTE, COMPRESSED[0x00000af4])

    Base Addr    Size         Type   Attr      Idx    E Section Name        Object

    0x20000000   0x00001008   Data   RW           31    .data               main.o
    0x20001008   0x00000004   Data   RW           32    .data               main.o
    0x2000100c   0x00000004   Data   RW           33    .data               main.o
    0x20001010   0x00000170   Data   RW           34    .data               main.o
    0x20001180   0x00000001   Data   RW           35    .data               main.o
    0x20001181   0x00000003   PAD
    0x20001184   0x00000004   Data   RW           36    .data               main.o
    0x20001188   0x00000001   Data   RW          213    .data               stm32f4xx_it.o
    0x20001189   0x00000001   Data   RW          372    .data               codec.o
    0x2000118a   0x00000002   PAD
    0x2000118c   0x00000008   Data   RW          373    .data               codec.o
    0x20001194   0x00000004   Data   RW          445    .data               system_stm32f4xx.o
    0x20001198   0x00000004   Data   RW         1338    .data               stm32f4xx_hal.o
    0x2000119c   0x000088d8   Zero   RW           19    .bss                main.o
    0x20009a74   0x00000800   Zero   RW           20    .bss                main.o
    0x2000a274   0x00000800   Zero   RW           21    .bss                main.o
    0x2000aa74   0x00000800   Zero   RW           24    .bss                main.o
    0x2000b274   0x00000800   Zero   RW           25    .bss                main.o
    0x2000ba74   0x00000800   Zero   RW           26    .bss                main.o
    0x2000c274   0x0000096c   Zero   RW           27    .bss                main.o
    0x2000cbe0   0x0000000c   Zero   RW           28    .bss                main.o
    0x2000cbec   0x00000060   Zero   RW           29    .bss                main.o
    0x2000cc4c   0x00000060   Zero   RW           30    .bss                main.o
    0x2000ccac   0x00000004   PAD
    0x2000ccb0   0x00000400   Zero   RW            1    STACK               startup_stm32f407xx.o


==============================================================================

Image component sizes


      Code (inc. data)   RO Data    RW Data    ZI Data      Debug   Object Name

      1404        146          0          9          0       5241   codec.o
      1104        100          0       4485      47888     333634   main.o
        36          8        392          0       1024        856   startup_stm32f407xx.o
       120         22          0          4          0       3731   stm32f4xx_hal.o
       228         14          0          0          0      32305   stm32f4xx_hal_cortex.o
       916         22          8          0          0       5959   stm32f4xx_hal_dma.o
       442         44          0          0          0       2580   stm32f4xx_hal_gpio.o
       236          0          0          0          0       4374   stm32f4xx_hal_i2s.o
      2024         88          0          0          0       7731   stm32f4xx_hal_i2s_ex.o
       520         52          0          0          0       3149   stm32f4xx_hal_msp.o
      1244         48         16          0          0       4829   stm32f4xx_hal_rcc.o
       336         20          0          0          0       1412   stm32f4xx_hal_rcc_ex.o
       670          0          0          0          0       4190   stm32f4xx_hal_spi.o
       614         44          0          0          0       6635   stm32f4xx_hal_tim.o
        84          0          0          0          0       2490   stm32f4xx_hal_tim_ex.o
       134         34          0          1          0       7151   stm32f4xx_it.o
        84         18          0          4          0       1401   system_stm32f4xx.o

    ----------------------------------------------------------------------
     10218        660        448       4508      48916     427668   Object Totals
         0          0         32          0          0          0   (incl. Generated)
        22          0          0          5          4          0   (incl. Padding)

    ----------------------------------------------------------------------

      Code (inc. data)   RO Data    RW Data    ZI Data      Debug   Library Member Name

       164          0          0          0          0      17394   arm_abs_f32.o
       210          0          0          0          0       1122   arm_add_f32.o
        28          0          0          0          0       1067   arm_fir_init_f32.o
       408          4          0          0          0       1375   arm_float_to_q31.o
       216          0          0          0          0       1706   arm_max_f32.o
       210          0          0          0          0       1179   arm_mult_f32.o
       152          0          0          0          0       1064   arm_scale_f32.o
       210          0          0          0          0       1122   arm_sub_f32.o
        94          0          0          0          0          0   __dclz77c.o
         0          0          0          0          0          0   entry.o
         0          0          0          0          0          0   entry10a.o
         0          0          0          0          0          0   entry11a.o
         8          4          0          0          0          0   entry2.o
         4          0          0          0          0          0   entry5.o
         0          0          0          0          0          0   entry7b.o
         0          0          0          0          0          0   entry8b.o
         8          4          0          0          0          0   entry9a.o
        30          0          0          0          0          0   handlers.o
        36          8          0          0          0         68   init.o
         0          0          0          0          0          0   iusefp.o
        30          0          0          0          0         68   llshl.o
        36          0          0          0          0        108   memseta.o
        66          0          0          0          0         76   ffixl.o

    ----------------------------------------------------------------------
      1918         20          0          0          0      26349   Library Totals
         8          0          0          0          0          0   (incl. Padding)

    ----------------------------------------------------------------------

      Code (inc. data)   RO Data    RW Data    ZI Data      Debug   Library Name

      1598          4          0          0          0      26029   arm_cortexM4lf_math.lib
       246         16          0          0          0        244   mc_w.l
        66          0          0          0          0         76   mf_w.l

    ----------------------------------------------------------------------
      1918         20          0          0          0      26349   Library Totals

    ----------------------------------------------------------------------

==============================================================================


      Code (inc. data)   RO Data    RW Data    ZI Data      Debug   

     12136        680        448       4508      48916     446249   Grand Totals
     12136        680        448       2804      48916     446249   ELF Image Totals (compressed)
     12136        680        448       2804          0          0   ROM Totals

==============================================================================

    Total RO  Size (Code + RO Data)                12584 (  12.29kB)
    Total RW  Size (RW Data + ZI Data)             53424 (  52.17kB)
    Total ROM Size (Code + RO Data + RW Data)      15388 (  15.03kB)

==============================================================================

